Archive member included to satisfy reference by file (symbol)

./mbed/TARGET_NUCLEO_L152RE/TOOLCHAIN_GCC_ARM/libmbed.a(serial_api.o)
                              mbed/TARGET_NUCLEO_L152RE/TOOLCHAIN_GCC_ARM/retarget.o (serial_init)
./mbed/TARGET_NUCLEO_L152RE/TOOLCHAIN_GCC_ARM/libmbed.a(FileSystemLike.o)
                              mbed/TARGET_NUCLEO_L152RE/TOOLCHAIN_GCC_ARM/retarget.o (mbed::FileSystemLike::opendir())
./mbed/TARGET_NUCLEO_L152RE/TOOLCHAIN_GCC_ARM/libmbed.a(FilePath.o)
                              mbed/TARGET_NUCLEO_L152RE/TOOLCHAIN_GCC_ARM/retarget.o (mbed::FilePath::FilePath(char const*))
./mbed/TARGET_NUCLEO_L152RE/TOOLCHAIN_GCC_ARM/libmbed.a(Serial.o)
                              main.o (mbed::Serial::Serial(PinName, PinName, char const*))
./mbed/TARGET_NUCLEO_L152RE/TOOLCHAIN_GCC_ARM/libmbed.a(SerialBase.o)
                              ./mbed/TARGET_NUCLEO_L152RE/TOOLCHAIN_GCC_ARM/libmbed.a(Serial.o) (mbed::SerialBase::SerialBase(PinName, PinName))
./mbed/TARGET_NUCLEO_L152RE/TOOLCHAIN_GCC_ARM/libmbed.a(Stream.o)
                              ./mbed/TARGET_NUCLEO_L152RE/TOOLCHAIN_GCC_ARM/libmbed.a(Serial.o) (mbed::Stream::close())
./mbed/TARGET_NUCLEO_L152RE/TOOLCHAIN_GCC_ARM/libmbed.a(assert.o)
                              ./mbed/TARGET_NUCLEO_L152RE/TOOLCHAIN_GCC_ARM/libmbed.a(serial_api.o) (mbed_assert_internal)
./mbed/TARGET_NUCLEO_L152RE/TOOLCHAIN_GCC_ARM/libmbed.a(gpio.o)
                              main.o (gpio_init_out)
./mbed/TARGET_NUCLEO_L152RE/TOOLCHAIN_GCC_ARM/libmbed.a(error.o)
                              mbed/TARGET_NUCLEO_L152RE/TOOLCHAIN_GCC_ARM/retarget.o (error)
./mbed/TARGET_NUCLEO_L152RE/TOOLCHAIN_GCC_ARM/libmbed.a(pinmap_common.o)
                              ./mbed/TARGET_NUCLEO_L152RE/TOOLCHAIN_GCC_ARM/libmbed.a(serial_api.o) (pinmap_pinout)
./mbed/TARGET_NUCLEO_L152RE/TOOLCHAIN_GCC_ARM/libmbed.a(rtc_time.o)
                              expatlib/xmlparse.o (time)
./mbed/TARGET_NUCLEO_L152RE/TOOLCHAIN_GCC_ARM/libmbed.a(us_ticker_api.o)
                              mbed/TARGET_NUCLEO_L152RE/TOOLCHAIN_GCC_ARM/hal_tick.o (us_ticker_irq_handler)
./mbed/TARGET_NUCLEO_L152RE/TOOLCHAIN_GCC_ARM/libmbed.a(ticker_api.o)
                              ./mbed/TARGET_NUCLEO_L152RE/TOOLCHAIN_GCC_ARM/libmbed.a(us_ticker_api.o) (ticker_irq_handler)
./mbed/TARGET_NUCLEO_L152RE/TOOLCHAIN_GCC_ARM/libmbed.a(wait_api.o)
                              ./mbed/TARGET_NUCLEO_L152RE/TOOLCHAIN_GCC_ARM/libmbed.a(SerialBase.o) (wait_us)
./mbed/TARGET_NUCLEO_L152RE/TOOLCHAIN_GCC_ARM/libmbed.a(PeripheralPins.o)
                              ./mbed/TARGET_NUCLEO_L152RE/TOOLCHAIN_GCC_ARM/libmbed.a(serial_api.o) (PinMap_UART_RX)
./mbed/TARGET_NUCLEO_L152RE/TOOLCHAIN_GCC_ARM/libmbed.a(gpio_api.o)
                              ./mbed/TARGET_NUCLEO_L152RE/TOOLCHAIN_GCC_ARM/libmbed.a(gpio.o) (gpio_init)
./mbed/TARGET_NUCLEO_L152RE/TOOLCHAIN_GCC_ARM/libmbed.a(pinmap.o)
                              ./mbed/TARGET_NUCLEO_L152RE/TOOLCHAIN_GCC_ARM/libmbed.a(gpio_api.o) (Set_GPIO_Clock)
./mbed/TARGET_NUCLEO_L152RE/TOOLCHAIN_GCC_ARM/libmbed.a(rtc_api.o)
                              ./mbed/TARGET_NUCLEO_L152RE/TOOLCHAIN_GCC_ARM/libmbed.a(rtc_time.o) (rtc_init)
./mbed/TARGET_NUCLEO_L152RE/TOOLCHAIN_GCC_ARM/libmbed.a(us_ticker.o)
                              ./mbed/TARGET_NUCLEO_L152RE/TOOLCHAIN_GCC_ARM/libmbed.a(us_ticker_api.o) (us_ticker_init)
./mbed/TARGET_NUCLEO_L152RE/TOOLCHAIN_GCC_ARM/libmbed.a(FileLike.o)
                              ./mbed/TARGET_NUCLEO_L152RE/TOOLCHAIN_GCC_ARM/libmbed.a(Stream.o) (mbed::FileLike::FileLike(char const*))
./mbed/TARGET_NUCLEO_L152RE/TOOLCHAIN_GCC_ARM/libmbed.a(FileBase.o)
                              ./mbed/TARGET_NUCLEO_L152RE/TOOLCHAIN_GCC_ARM/libmbed.a(FileSystemLike.o) (mbed::FileBase::~FileBase())
/home/stly/Documents/IoTFuzzing/CORTEX-M4-QEMU/gcc-arm/bin/../lib/gcc/arm-none-eabi/7.3.1/../../../../arm-none-eabi/lib/thumb/v7-m/libstdc++_nano.a(new_op.o)
                              ./mbed/TARGET_NUCLEO_L152RE/TOOLCHAIN_GCC_ARM/libmbed.a(FileSystemLike.o) (operator new(unsigned int))
/home/stly/Documents/IoTFuzzing/CORTEX-M4-QEMU/gcc-arm/bin/../lib/gcc/arm-none-eabi/7.3.1/../../../../arm-none-eabi/lib/thumb/v7-m/libstdc++_nano.a(del_op.o)
                              main.o (operator delete(void*))
/home/stly/Documents/IoTFuzzing/CORTEX-M4-QEMU/gcc-arm/bin/../lib/gcc/arm-none-eabi/7.3.1/../../../../arm-none-eabi/lib/thumb/v7-m/libstdc++_nano.a(new_handler.o)
                              /home/stly/Documents/IoTFuzzing/CORTEX-M4-QEMU/gcc-arm/bin/../lib/gcc/arm-none-eabi/7.3.1/../../../../arm-none-eabi/lib/thumb/v7-m/libstdc++_nano.a(new_op.o) (std::get_new_handler())
/home/stly/Documents/IoTFuzzing/CORTEX-M4-QEMU/gcc-arm/bin/../lib/gcc/arm-none-eabi/7.3.1/../../../../arm-none-eabi/lib/thumb/v7-m/libstdc++_nano.a(atexit_arm.o)
                              main.o (__aeabi_atexit)
[...]
Memory Configuration

Name             Origin             Length             Attributes
FLASH            0x0000000008000000 0x0000000000080000 xr
RAM              0x000000002000013c 0x0000000000013ec4 xrw
*default*        0x0000000000000000 0xffffffffffffffff

Linker script and memory map

LOAD /home/stly/Documents/IoTFuzzing/CORTEX-M4-QEMU/gcc-arm/bin/../lib/gcc/arm-none-eabi/7.3.1/thumb/v7-m/crti.o
LOAD /home/stly/Documents/IoTFuzzing/CORTEX-M4-QEMU/gcc-arm/bin/../lib/gcc/arm-none-eabi/7.3.1/thumb/v7-m/crtbegin.o
LOAD /home/stly/Documents/IoTFuzzing/CORTEX-M4-QEMU/gcc-arm/bin/../lib/gcc/arm-none-eabi/7.3.1/../../../../arm-none-eabi/lib/thumb/v7-m/crt0.o
LOAD expatlib/xmltok.o
LOAD expatlib/xmltok_ns.o
LOAD expatlib/xmlrole.o
LOAD expatlib/xmltok_impl.o
LOAD expatlib/xmlparse.o
LOAD main.o
LOAD mbed/TARGET_NUCLEO_L152RE/TOOLCHAIN_GCC_ARM/stm32l1xx_hal_flash_ramfunc.o
LOAD mbed/TARGET_NUCLEO_L152RE/TOOLCHAIN_GCC_ARM/board.o
LOAD mbed/TARGET_NUCLEO_L152RE/TOOLCHAIN_GCC_ARM/cmsis_nvic.o
LOAD mbed/TARGET_NUCLEO_L152RE/TOOLCHAIN_GCC_ARM/hal_tick.o
LOAD mbed/TARGET_NUCLEO_L152RE/TOOLCHAIN_GCC_ARM/mbed_overrides.o
LOAD mbed/TARGET_NUCLEO_L152RE/TOOLCHAIN_GCC_ARM/retarget.o
LOAD mbed/TARGET_NUCLEO_L152RE/TOOLCHAIN_GCC_ARM/startup_stm32l152xe.o
LOAD mbed/TARGET_NUCLEO_L152RE/TOOLCHAIN_GCC_ARM/stm32l1xx_hal.o
LOAD mbed/TARGET_NUCLEO_L152RE/TOOLCHAIN_GCC_ARM/stm32l1xx_hal_adc.o
LOAD mbed/TARGET_NUCLEO_L152RE/TOOLCHAIN_GCC_ARM/stm32l1xx_hal_adc_ex.o
LOAD mbed/TARGET_NUCLEO_L152RE/TOOLCHAIN_GCC_ARM/stm32l1xx_hal_comp.o
LOAD mbed/TARGET_NUCLEO_L152RE/TOOLCHAIN_GCC_ARM/stm32l1xx_hal_cortex.o
LOAD mbed/TARGET_NUCLEO_L152RE/TOOLCHAIN_GCC_ARM/stm32l1xx_hal_crc.o
LOAD mbed/TARGET_NUCLEO_L152RE/TOOLCHAIN_GCC_ARM/stm32l1xx_hal_cryp.o
LOAD mbed/TARGET_NUCLEO_L152RE/TOOLCHAIN_GCC_ARM/stm32l1xx_hal_cryp_ex.o
LOAD mbed/TARGET_NUCLEO_L152RE/TOOLCHAIN_GCC_ARM/stm32l1xx_hal_dac.o
LOAD mbed/TARGET_NUCLEO_L152RE/TOOLCHAIN_GCC_ARM/stm32l1xx_hal_dac_ex.o
LOAD mbed/TARGET_NUCLEO_L152RE/TOOLCHAIN_GCC_ARM/stm32l1xx_hal_dma.o
LOAD mbed/TARGET_NUCLEO_L152RE/TOOLCHAIN_GCC_ARM/stm32l1xx_hal_flash.o
LOAD mbed/TARGET_NUCLEO_L152RE/TOOLCHAIN_GCC_ARM/stm32l1xx_hal_flash_ex.o
LOAD mbed/TARGET_NUCLEO_L152RE/TOOLCHAIN_GCC_ARM/stm32l1xx_hal_smartcard.o
LOAD mbed/TARGET_NUCLEO_L152RE/TOOLCHAIN_GCC_ARM/stm32l1xx_hal_gpio.o
LOAD mbed/TARGET_NUCLEO_L152RE/TOOLCHAIN_GCC_ARM/stm32l1xx_hal_i2c.o
LOAD mbed/TARGET_NUCLEO_L152RE/TOOLCHAIN_GCC_ARM/stm32l1xx_hal_i2s.o
LOAD mbed/TARGET_NUCLEO_L152RE/TOOLCHAIN_GCC_ARM/stm32l1xx_hal_irda.o
LOAD mbed/TARGET_NUCLEO_L152RE/TOOLCHAIN_GCC_ARM/stm32l1xx_hal_iwdg.o
LOAD mbed/TARGET_NUCLEO_L152RE/TOOLCHAIN_GCC_ARM/stm32l1xx_hal_lcd.o
LOAD mbed/TARGET_NUCLEO_L152RE/TOOLCHAIN_GCC_ARM/stm32l1xx_hal_nor.o
LOAD mbed/TARGET_NUCLEO_L152RE/TOOLCHAIN_GCC_ARM/stm32l1xx_hal_opamp.o
LOAD mbed/TARGET_NUCLEO_L152RE/TOOLCHAIN_GCC_ARM/stm32l1xx_hal_opamp_ex.o
LOAD mbed/TARGET_NUCLEO_L152RE/TOOLCHAIN_GCC_ARM/stm32l1xx_hal_pcd.o
LOAD mbed/TARGET_NUCLEO_L152RE/TOOLCHAIN_GCC_ARM/stm32l1xx_hal_pcd_ex.o
LOAD mbed/TARGET_NUCLEO_L152RE/TOOLCHAIN_GCC_ARM/stm32l1xx_hal_pwr.o
LOAD mbed/TARGET_NUCLEO_L152RE/TOOLCHAIN_GCC_ARM/stm32l1xx_hal_pwr_ex.o
LOAD mbed/TARGET_NUCLEO_L152RE/TOOLCHAIN_GCC_ARM/stm32l1xx_hal_rcc.o
LOAD mbed/TARGET_NUCLEO_L152RE/TOOLCHAIN_GCC_ARM/stm32l1xx_hal_rcc_ex.o
LOAD mbed/TARGET_NUCLEO_L152RE/TOOLCHAIN_GCC_ARM/stm32l1xx_hal_rtc.o
LOAD mbed/TARGET_NUCLEO_L152RE/TOOLCHAIN_GCC_ARM/stm32l1xx_hal_rtc_ex.o
LOAD mbed/TARGET_NUCLEO_L152RE/TOOLCHAIN_GCC_ARM/stm32l1xx_hal_sd.o
LOAD mbed/TARGET_NUCLEO_L152RE/TOOLCHAIN_GCC_ARM/stm32l1xx_hal_spi.o
LOAD mbed/TARGET_NUCLEO_L152RE/TOOLCHAIN_GCC_ARM/stm32l1xx_hal_spi_ex.o
LOAD mbed/TARGET_NUCLEO_L152RE/TOOLCHAIN_GCC_ARM/stm32l1xx_hal_sram.o
LOAD mbed/TARGET_NUCLEO_L152RE/TOOLCHAIN_GCC_ARM/stm32l1xx_hal_tim.o
LOAD mbed/TARGET_NUCLEO_L152RE/TOOLCHAIN_GCC_ARM/stm32l1xx_hal_tim_ex.o
LOAD mbed/TARGET_NUCLEO_L152RE/TOOLCHAIN_GCC_ARM/stm32l1xx_hal_uart.o
LOAD mbed/TARGET_NUCLEO_L152RE/TOOLCHAIN_GCC_ARM/stm32l1xx_hal_usart.o
LOAD mbed/TARGET_NUCLEO_L152RE/TOOLCHAIN_GCC_ARM/stm32l1xx_hal_wwdg.o
LOAD mbed/TARGET_NUCLEO_L152RE/TOOLCHAIN_GCC_ARM/stm32l1xx_ll_fsmc.o
LOAD mbed/TARGET_NUCLEO_L152RE/TOOLCHAIN_GCC_ARM/stm32l1xx_ll_sdmmc.o
LOAD mbed/TARGET_NUCLEO_L152RE/TOOLCHAIN_GCC_ARM/system_stm32l1xx.o
LOAD ./mbed/TARGET_NUCLEO_L152RE/TOOLCHAIN_GCC_ARM/libmbed.a
LOAD /home/stly/Documents/IoTFuzzing/CORTEX-M4-QEMU/gcc-arm/bin/../lib/gcc/arm-none-eabi/7.3.1/../../../../arm-none-eabi/lib/thumb/v7-m/libstdc++_nano.a
LOAD /home/stly/Documents/IoTFuzzing/CORTEX-M4-QEMU/gcc-arm/bin/../lib/gcc/arm-none-eabi/7.3.1/../../../../arm-none-eabi/lib/thumb/v7-m/libsupc++_nano.a
LOAD /home/stly/Documents/IoTFuzzing/CORTEX-M4-QEMU/gcc-arm/bin/../lib/gcc/arm-none-eabi/7.3.1/../../../../arm-none-eabi/lib/thumb/v7-m/libm.a
LOAD /home/stly/Documents/IoTFuzzing/CORTEX-M4-QEMU/gcc-arm/bin/../lib/gcc/arm-none-eabi/7.3.1/../../../../arm-none-eabi/lib/thumb/v7-m/libc_nano.a
LOAD /home/stly/Documents/IoTFuzzing/CORTEX-M4-QEMU/gcc-arm/bin/../lib/gcc/arm-none-eabi/7.3.1/thumb/v7-m/libgcc.a
LOAD /home/stly/Documents/IoTFuzzing/CORTEX-M4-QEMU/gcc-arm/bin/../lib/gcc/arm-none-eabi/7.3.1/../../../../arm-none-eabi/lib/thumb/v7-m/libnosys.a
LOAD ./mbed/TARGET_NUCLEO_L152RE/TOOLCHAIN_GCC_ARM/libmbed.a
LOAD /home/stly/Documents/IoTFuzzing/CORTEX-M4-QEMU/gcc-arm/bin/../lib/gcc/arm-none-eabi/7.3.1/../../../../arm-none-eabi/lib/thumb/v7-m/libstdc++_nano.a
LOAD /home/stly/Documents/IoTFuzzing/CORTEX-M4-QEMU/gcc-arm/bin/../lib/gcc/arm-none-eabi/7.3.1/../../../../arm-none-eabi/lib/thumb/v7-m/libsupc++_nano.a
LOAD /home/stly/Documents/IoTFuzzing/CORTEX-M4-QEMU/gcc-arm/bin/../lib/gcc/arm-none-eabi/7.3.1/../../../../arm-none-eabi/lib/thumb/v7-m/libm.a
LOAD /home/stly/Documents/IoTFuzzing/CORTEX-M4-QEMU/gcc-arm/bin/../lib/gcc/arm-none-eabi/7.3.1/../../../../arm-none-eabi/lib/thumb/v7-m/libc_nano.a
LOAD /home/stly/Documents/IoTFuzzing/CORTEX-M4-QEMU/gcc-arm/bin/../lib/gcc/arm-none-eabi/7.3.1/thumb/v7-m/libgcc.a
LOAD /home/stly/Documents/IoTFuzzing/CORTEX-M4-QEMU/gcc-arm/bin/../lib/gcc/arm-none-eabi/7.3.1/../../../../arm-none-eabi/lib/thumb/v7-m/libnosys.a
START GROUP
LOAD /home/stly/Documents/IoTFuzzing/CORTEX-M4-QEMU/gcc-arm/bin/../lib/gcc/arm-none-eabi/7.3.1/thumb/v7-m/libgcc.a
LOAD /home/stly/Documents/IoTFuzzing/CORTEX-M4-QEMU/gcc-arm/bin/../lib/gcc/arm-none-eabi/7.3.1/../../../../arm-none-eabi/lib/thumb/v7-m/libc_nano.a
END GROUP
START GROUP
LOAD /home/stly/Documents/IoTFuzzing/CORTEX-M4-QEMU/gcc-arm/bin/../lib/gcc/arm-none-eabi/7.3.1/thumb/v7-m/libgcc.a
LOAD /home/stly/Documents/IoTFuzzing/CORTEX-M4-QEMU/gcc-arm/bin/../lib/gcc/arm-none-eabi/7.3.1/../../../../arm-none-eabi/lib/thumb/v7-m/libc_nano.a
END GROUP
LOAD /home/stly/Documents/IoTFuzzing/CORTEX-M4-QEMU/gcc-arm/bin/../lib/gcc/arm-none-eabi/7.3.1/thumb/v7-m/crtend.o
LOAD /home/stly/Documents/IoTFuzzing/CORTEX-M4-QEMU/gcc-arm/bin/../lib/gcc/arm-none-eabi/7.3.1/thumb/v7-m/crtn.o

.text           0x0000000008000000    0x16acc
 *(.isr_vector)
 .isr_vector    0x0000000008000000      0x13c mbed/TARGET_NUCLEO_L152RE/TOOLCHAIN_GCC_ARM/startup_stm32l152xe.o
                0x0000000008000000                g_pfnVectors
 *(.text*)
 .text          0x000000000800013c       0x40 /home/stly/Documents/IoTFuzzing/CORTEX-M4-QEMU/gcc-arm/bin/../lib/gcc/arm-none-eabi/7.3.1/thumb/v7-m/crtbegin.o
 .text          0x000000000800017c       0x74 /home/stly/Documents/IoTFuzzing/CORTEX-M4-QEMU/gcc-arm/bin/../lib/gcc/arm-none-eabi/7.3.1/../../../../arm-none-eabi/lib/thumb/v7-m/crt0.o
                0x000000000800017c                _mainCRTStartup
                0x000000000800017c                _start
 .text.isNever  0x00000000080001f0        0x4 expatlib/xmltok.o
 .text.utf8_isName2
                0x00000000080001f4       0x38 expatlib/xmltok.o
 .text.utf8_isName3
                0x000000000800022c       0x44 expatlib/xmltok.o
 .text.utf8_isNmstrt2
                0x0000000008000270       0x38 expatlib/xmltok.o
 .text.utf8_isNmstrt3
                0x00000000080002a8       0x44 expatlib/xmltok.o
 .text.utf8_isInvalid3
                0x00000000080002ec       0x4e expatlib/xmltok.o
 .text.normal_cdataSectionTok
                0x000000000800033a      0x140 expatlib/xmltok.o
 *fill*         0x000000000800047a        0x2 
 .text.normal_scanRef
                0x000000000800047c      0x1c8 expatlib/xmltok.o
 .text.normal_scanPercent
                0x0000000008000644      0x158 expatlib/xmltok.o
 .text.normal_scanLit
                0x000000000800079c       0xc8 expatlib/xmltok.o
 .text.normal_isPublicId
                0x0000000008000864       0x5c expatlib/xmltok.o
 .text.normal_getAtts
                0x00000000080008c0      0x13e expatlib/xmltok.o
 .text.normal_predefinedEntityName
                0x00000000080009fe       0x7e expatlib/xmltok.o
 .text.normal_sameName
                0x0000000008000a7c       0x94 expatlib/xmltok.o
 .text.normal_nameMatchesAscii
                0x0000000008000b10       0x24 expatlib/xmltok.o
 .text.normal_nameLength
                0x0000000008000b34       0x3c expatlib/xmltok.o
 .text.normal_skipS
                0x0000000008000b70       0x28 expatlib/xmltok.o
 .text.normal_updatePosition
                0x0000000008000b98       0x62 expatlib/xmltok.o
 .text.utf8_toUtf8
                0x0000000008000bfa       0x40 expatlib/xmltok.o
 .text.utf8_toUtf16
                0x0000000008000c3a       0xce expatlib/xmltok.o
 .text.latin1_toUtf8
                0x0000000008000d08       0x54 expatlib/xmltok.o
 .text.latin1_toUtf16
                0x0000000008000d5c       0x20 expatlib/xmltok.o
 .text.ascii_toUtf8
                0x0000000008000d7c       0x22 expatlib/xmltok.o
 .text.unicode_byte_type
                0x0000000008000d9e       0x26 expatlib/xmltok.o
 .text.little2_toUtf8
                0x0000000008000dc4      0x114 expatlib/xmltok.o
 .text.little2_toUtf16
                0x0000000008000ed8       0x44 expatlib/xmltok.o
 .text.big2_toUtf8
                0x0000000008000f1c      0x114 expatlib/xmltok.o
 .text.big2_toUtf16
                0x0000000008001030       0x44 expatlib/xmltok.o
 .text.little2_cdataSectionTok
                0x0000000008001074      0x11c expatlib/xmltok.o
 .text.little2_scanRef
                0x0000000008001190      0x1f8 expatlib/xmltok.o
 .text.little2_scanPercent
                0x0000000008001388      0x164 expatlib/xmltok.o
 .text.little2_scanLit
                0x00000000080014ec       0xa8 expatlib/xmltok.o
 .text.little2_isPublicId
                0x0000000008001594       0x78 expatlib/xmltok.o
 .text.little2_getAtts
                0x000000000800160c      0x138 expatlib/xmltok.o
 .text.little2_predefinedEntityName
                0x0000000008001744       0xc2 expatlib/xmltok.o
 *fill*         0x0000000008001806        0x2 
 .text.little2_sameName
                0x0000000008001808       0xb4 expatlib/xmltok.o
 .text.little2_nameMatchesAscii
                0x00000000080018bc       0x28 expatlib/xmltok.o
 .text.little2_nameLength
                0x00000000080018e4       0x48 expatlib/xmltok.o
 .text.little2_skipS
                0x000000000800192c       0x34 expatlib/xmltok.o
 .text.little2_updatePosition
                0x0000000008001960       0x7c expatlib/xmltok.o
 .text.big2_cdataSectionTok
                0x00000000080019dc      0x11c expatlib/xmltok.o
 .text.big2_scanRef
                0x0000000008001af8      0x1f8 expatlib/xmltok.o
 .text.big2_scanPercent
                0x0000000008001cf0      0x164 expatlib/xmltok.o
 .text.big2_scanLit
                0x0000000008001e54       0xa8 expatlib/xmltok.o
 .text.big2_isPublicId
                0x0000000008001efc       0x78 expatlib/xmltok.o
 .text.big2_getAtts
                0x0000000008001f74      0x138 expatlib/xmltok.o
 .text.big2_predefinedEntityName
                0x00000000080020ac       0xc2 expatlib/xmltok.o
 *fill*         0x000000000800216e        0x2 
 .text.big2_sameName
                0x0000000008002170       0xb8 expatlib/xmltok.o
 .text.big2_nameMatchesAscii
                0x0000000008002228       0x28 expatlib/xmltok.o
 .text.big2_nameLength
                0x0000000008002250       0x48 expatlib/xmltok.o
 .text.big2_skipS
                0x0000000008002298       0x34 expatlib/xmltok.o
 .text.big2_updatePosition
                0x00000000080022cc       0x7c expatlib/xmltok.o
 .text.streqci  0x0000000008002348       0x34 expatlib/xmltok.o
 .text.initUpdatePosition
                0x000000000800237c        0xc expatlib/xmltok.o
 .text.toAscii  0x0000000008002388       0x2c expatlib/xmltok.o
 .text.isSpace  0x00000000080023b4       0x20 expatlib/xmltok.o
 .text.checkCharRefNumber
                0x00000000080023d4       0x40 expatlib/xmltok.o
 .text.normal_charRefNumber
                0x0000000008002414       0x70 expatlib/xmltok.o
 .text.big2_charRefNumber
                0x0000000008002484       0x90 expatlib/xmltok.o
 .text.little2_charRefNumber
                0x0000000008002514       0x90 expatlib/xmltok.o
 .text.unknown_isName
                0x00000000080025a4       0x40 expatlib/xmltok.o
 .text.unknown_isNmstrt
                0x00000000080025e4       0x40 expatlib/xmltok.o
 .text.unknown_isInvalid
                0x0000000008002624       0x1e expatlib/xmltok.o
 .text.unknown_toUtf16
                0x0000000008002642       0x5a expatlib/xmltok.o
 .text.utf8_isInvalid2
                0x000000000800269c       0x1e expatlib/xmltok.o
 .text.utf8_isInvalid4
                0x00000000080026ba       0x4c expatlib/xmltok.o
 .text.normal_scanComment.part.2
                0x0000000008002706       0xb0 expatlib/xmltok.o
 .text.normal_checkPiTarget.isra.3
                0x00000000080027b6       0x42 expatlib/xmltok.o
 .text.normal_scanPi
                0x00000000080027f8      0x1c8 expatlib/xmltok.o
 .text.normal_contentTok
                0x00000000080029c0      0x914 expatlib/xmltok.o
 .text.normal_attributeValueTok
                0x00000000080032d4       0x9e expatlib/xmltok.o
 .text.normal_entityValueTok
                0x0000000008003372       0x9c expatlib/xmltok.o
 .text.unlikely.little2_scanComment.part.8
                0x000000000800340e       0x96 expatlib/xmltok.o
 .text.little2_checkPiTarget.isra.9
                0x00000000080034a4       0x4e expatlib/xmltok.o
 *fill*         0x00000000080034f2        0x2 
 .text.little2_scanPi
                0x00000000080034f4      0x1f8 expatlib/xmltok.o
 .text.little2_contentTok
                0x00000000080036ec      0x8b8 expatlib/xmltok.o
 .text.little2_attributeValueTok
                0x0000000008003fa4       0xba expatlib/xmltok.o
 .text.little2_entityValueTok
                0x000000000800405e       0xb8 expatlib/xmltok.o
 .text.unlikely.big2_scanComment.part.14
                0x0000000008004116       0x96 expatlib/xmltok.o
 .text.big2_checkPiTarget.isra.15
                0x00000000080041ac       0x4e expatlib/xmltok.o
 *fill*         0x00000000080041fa        0x2 
 .text.big2_scanPi
                0x00000000080041fc      0x1f8 expatlib/xmltok.o
 .text.big2_contentTok
                0x00000000080043f4      0x8b8 expatlib/xmltok.o
 .text.big2_attributeValueTok
                0x0000000008004cac       0xba expatlib/xmltok.o
 .text.big2_entityValueTok
                0x0000000008004d66       0xb8 expatlib/xmltok.o
 .text.parsePseudoAttribute
                0x0000000008004e1e      0x11c expatlib/xmltok.o
 *fill*         0x0000000008004f3a        0x2 
 .text.getEncodingIndex.part.21
                0x0000000008004f3c       0x28 expatlib/xmltok.o
 .text.initScan.constprop.23
                0x0000000008004f64      0x124 expatlib/xmltok.o
 .text.initScanContent
                0x0000000008005088       0x14 expatlib/xmltok.o
 .text.initScanProlog
                0x000000000800509c       0x14 expatlib/xmltok.o
 .text.normal_prologTok
                0x00000000080050b0      0x530 expatlib/xmltok.o
 .text.big2_prologTok
                0x00000000080055e0      0x608 expatlib/xmltok.o
 .text.little2_prologTok
                0x0000000008005be8      0x608 expatlib/xmltok.o
 .text.XmlUtf8Encode
                0x00000000080061f0       0x84 expatlib/xmltok.o
                0x00000000080061f0                XmlUtf8Encode
 .text.unknown_toUtf8
                0x0000000008006274       0x7c expatlib/xmltok.o
 .text.XmlSizeOfUnknownEncoding
                0x00000000080062f0        0x6 expatlib/xmltok.o
                0x00000000080062f0                XmlSizeOfUnknownEncoding
 *fill*         0x00000000080062f6        0x2 
 .text.XmlInitUnknownEncoding
                0x00000000080062f8      0x1c4 expatlib/xmltok.o
                0x00000000080062f8                XmlInitUnknownEncoding
 .text.XmlGetUtf8InternalEncoding
                0x00000000080064bc        0x8 expatlib/xmltok.o
                0x00000000080064bc                XmlGetUtf8InternalEncoding
 .text.XmlInitEncoding
                0x00000000080064c4       0x3c expatlib/xmltok.o
                0x00000000080064c4                XmlInitEncoding
 .text.XmlParseXmlDecl
                0x0000000008006500      0x1ec expatlib/xmltok.o
                0x0000000008006500                XmlParseXmlDecl
 .text.prolog0  0x00000000080066ec       0x80 expatlib/xmlrole.o
 .text.prolog1  0x000000000800676c       0x68 expatlib/xmlrole.o
 .text.prolog2  0x00000000080067d4       0x34 expatlib/xmlrole.o
 .text.doctype0
                0x0000000008006808       0x2c expatlib/xmlrole.o
 .text.doctype1
                0x0000000008006834       0x84 expatlib/xmlrole.o
 .text.doctype2
                0x00000000080068b8       0x28 expatlib/xmlrole.o
 .text.doctype3
                0x00000000080068e0       0x28 expatlib/xmlrole.o
 .text.doctype4
                0x0000000008006908       0x38 expatlib/xmlrole.o
 .text.doctype5
                0x0000000008006940       0x28 expatlib/xmlrole.o
 .text.internalSubset
                0x0000000008006968       0xe0 expatlib/xmlrole.o
 .text.entity0  0x0000000008006a48       0x34 expatlib/xmlrole.o
 .text.entity1  0x0000000008006a7c       0x28 expatlib/xmlrole.o
 .text.entity2  0x0000000008006aa4       0x74 expatlib/xmlrole.o
 .text.entity3  0x0000000008006b18       0x28 expatlib/xmlrole.o
 .text.entity4  0x0000000008006b40       0x28 expatlib/xmlrole.o
 .text.entity5  0x0000000008006b68       0x4c expatlib/xmlrole.o
 .text.entity6  0x0000000008006bb4       0x2c expatlib/xmlrole.o
 .text.entity7  0x0000000008006be0       0x74 expatlib/xmlrole.o
 .text.entity8  0x0000000008006c54       0x28 expatlib/xmlrole.o
 .text.entity9  0x0000000008006c7c       0x28 expatlib/xmlrole.o
 .text.entity10
                0x0000000008006ca4       0x28 expatlib/xmlrole.o
 .text.notation0
                0x0000000008006ccc       0x28 expatlib/xmlrole.o
 .text.notation1
                0x0000000008006cf4       0x5c expatlib/xmlrole.o
 .text.notation2
                0x0000000008006d50       0x28 expatlib/xmlrole.o
 .text.notation3
                0x0000000008006d78       0x2c expatlib/xmlrole.o
 .text.notation4
                0x0000000008006da4       0x3c expatlib/xmlrole.o
 .text.attlist0
                0x0000000008006de0       0x2c expatlib/xmlrole.o
 .text.attlist1
                0x0000000008006e0c       0x38 expatlib/xmlrole.o
 .text.attlist2
                0x0000000008006e44       0x80 expatlib/xmlrole.o
 .text.attlist3
                0x0000000008006ec4       0x30 expatlib/xmlrole.o
 .text.attlist4
                0x0000000008006ef4       0x30 expatlib/xmlrole.o
 .text.attlist5
                0x0000000008006f24       0x24 expatlib/xmlrole.o
 .text.attlist6
                0x0000000008006f48       0x28 expatlib/xmlrole.o
 .text.attlist7
                0x0000000008006f70       0x30 expatlib/xmlrole.o
 .text.attlist8
                0x0000000008006fa0       0x90 expatlib/xmlrole.o
 .text.attlist9
                0x0000000008007030       0x28 expatlib/xmlrole.o
 .text.element0
                0x0000000008007058       0x2c expatlib/xmlrole.o
 .text.element1
                0x0000000008007084       0x7c expatlib/xmlrole.o
 .text.element2
                0x0000000008007100       0x94 expatlib/xmlrole.o
 .text.element3
                0x0000000008007194       0x48 expatlib/xmlrole.o
 .text.element4
                0x00000000080071dc       0x2c expatlib/xmlrole.o
 .text.element5
                0x0000000008007208       0x38 expatlib/xmlrole.o
 .text.element6
                0x0000000008007240       0x5c expatlib/xmlrole.o
 .text.element7
                0x000000000800729c       0x98 expatlib/xmlrole.o
 .text.declClose
                0x0000000008007334       0x24 expatlib/xmlrole.o
 .text.error    0x0000000008007358        0x4 expatlib/xmlrole.o
 .text.XmlPrologStateInit
                0x000000000800735c        0xc expatlib/xmlrole.o
                0x000000000800735c                XmlPrologStateInit
 .text.errorProcessor
                0x0000000008007368        0x6 expatlib/xmlparse.o
 .text.normalizeLines
                0x000000000800736e       0x3c expatlib/xmlparse.o
 .text.reportDefault
                0x00000000080073aa       0x70 expatlib/xmlparse.o
 .text.doCdataSection
                0x000000000800741a      0x16a expatlib/xmlparse.o
 .text.normalizePublicId
                0x0000000008007584       0x54 expatlib/xmlparse.o
 .text.hashTableDestroy
                0x00000000080075d8       0x22 expatlib/xmlparse.o
 .text.hashTableIterNext
                0x00000000080075fa       0x1a expatlib/xmlparse.o
 .text.poolClear
                0x0000000008007614       0x24 expatlib/xmlparse.o
 .text.poolDestroy
                0x0000000008007638       0x26 expatlib/xmlparse.o
 .text.nextScaffoldPart
                0x000000000800765e       0xae expatlib/xmlparse.o
 .text.build_node
                0x000000000800770c       0x92 expatlib/xmlparse.o
 .text.handleUnknownEncoding
                0x000000000800779e       0x94 expatlib/xmlparse.o
 *fill*         0x0000000008007832        0x2 
 .text.addBinding
                0x0000000008007834      0x1c0 expatlib/xmlparse.o
 .text.storeRawNames
                0x00000000080079f4       0x5e expatlib/xmlparse.o
 .text.poolGrow
                0x0000000008007a52       0xd6 expatlib/xmlparse.o
 .text.poolAppend
                0x0000000008007b28       0x4a expatlib/xmlparse.o
 .text.poolStoreString
                0x0000000008007b72       0x30 expatlib/xmlparse.o
 .text.processXmlDecl
                0x0000000008007ba2      0x16c expatlib/xmlparse.o
 .text.reportProcessingInstruction
                0x0000000008007d0e       0x84 expatlib/xmlparse.o
 .text.poolCopyString
                0x0000000008007d92       0x34 expatlib/xmlparse.o
 *fill*         0x0000000008007dc6        0x2 
 .text.parserInit
                0x0000000008007dc8       0xec expatlib/xmlparse.o
 .text.destroyBindings.isra.1
                0x0000000008007eb4       0x1c expatlib/xmlparse.o
 .text.defineAttribute
                0x0000000008007ed0       0x94 expatlib/xmlparse.o
 .text.initializeEncoding
                0x0000000008007f64       0x26 expatlib/xmlparse.o
 .text.reportComment
                0x0000000008007f8a       0x48 expatlib/xmlparse.o
 *fill*         0x0000000008007fd2        0x2 
 .text.epilogProcessor
                0x0000000008007fd4       0xf0 expatlib/xmlparse.o
 .text.lookup   0x00000000080080c4      0x21c expatlib/xmlparse.o
 .text.setElementTypePrefix
                0x00000000080082e0       0x98 expatlib/xmlparse.o
 .text.getElementType
                0x0000000008008378       0x4c expatlib/xmlparse.o
 .text.getAttributeId
                0x00000000080083c4      0x130 expatlib/xmlparse.o
 .text.appendAttributeValue
                0x00000000080084f4      0x264 expatlib/xmlparse.o
 .text.storeAttributeValue
                0x0000000008008758       0x52 expatlib/xmlparse.o
 .text.setContext
                0x00000000080087aa      0x194 expatlib/xmlparse.o
 *fill*         0x000000000800893e        0x2 
 .text.startParsing
                0x0000000008008940       0x40 expatlib/xmlparse.o
 .text.storeAtts
                0x0000000008008980      0x648 expatlib/xmlparse.o
 .text.doContent
                0x0000000008008fc8      0x990 expatlib/xmlparse.o
 .text.contentProcessor
                0x0000000008009958       0x34 expatlib/xmlparse.o
 .text.prologProcessor
                0x000000000800998c      0xdf4 expatlib/xmlparse.o
 .text.prologInitProcessor
                0x000000000800a780       0x30 expatlib/xmlparse.o
 .text.externalEntityContentProcessor
                0x000000000800a7b0       0x34 expatlib/xmlparse.o
 .text.cdataSectionProcessor
                0x000000000800a7e4       0x64 expatlib/xmlparse.o
 .text.internalEntityProcessor
                0x000000000800a848       0xa4 expatlib/xmlparse.o
 .text.XML_ParserFree
                0x000000000800a8ec      0x13a expatlib/xmlparse.o
                0x000000000800a8ec                XML_ParserFree
 *fill*         0x000000000800aa26        0x2 
 .text.parserCreate.constprop.15
                0x000000000800aa28      0x1c0 expatlib/xmlparse.o
 .text.XML_ParserCreate_MM
                0x000000000800abe8        0x4 expatlib/xmlparse.o
                0x000000000800abe8                XML_ParserCreate_MM
 .text.XML_ParserCreate
                0x000000000800abec        0x8 expatlib/xmlparse.o
                0x000000000800abec                XML_ParserCreate
 .text.XML_SetElementHandler
                0x000000000800abf4        0x6 expatlib/xmlparse.o
                0x000000000800abf4                XML_SetElementHandler
 *fill*         0x000000000800abfa        0x2 
 .text.XML_ParseBuffer
                0x000000000800abfc       0xb0 expatlib/xmlparse.o
                0x000000000800abfc                XML_ParseBuffer
 .text.XML_GetBuffer
                0x000000000800acac       0xfe expatlib/xmlparse.o
                0x000000000800acac                XML_GetBuffer
 *fill*         0x000000000800adaa        0x2 
 .text.XML_Parse
                0x000000000800adac      0x154 expatlib/xmlparse.o
                0x000000000800adac                XML_Parse
 .text.XML_GetErrorCode
                0x000000000800af00        0x6 expatlib/xmlparse.o
                0x000000000800af00                XML_GetErrorCode
 .text.XML_GetCurrentLineNumber
                0x000000000800af06       0x2e expatlib/xmlparse.o
                0x000000000800af06                XML_GetCurrentLineNumber
 .text.XML_ErrorString
                0x000000000800af34       0x14 expatlib/xmlparse.o
                0x000000000800af34                XML_ErrorString
 .text._ZL3endPvPKc
                0x000000000800af48       0x10 main.o
 .text._ZL5startPvPKcPS1_
                0x000000000800af58       0x74 main.o
 .text._ZN4mbed6SerialD2Ev
                0x000000000800afcc       0x30 main.o
                0x000000000800afcc                mbed::Serial::~Serial()
                0x000000000800afcc                mbed::Serial::~Serial()
                0x000000000800aff0                non-virtual thunk to mbed::Serial::~Serial()
                0x000000000800aff6                non-virtual thunk to mbed::Serial::~Serial()
 .text._Z11serial_readPci
                0x000000000800affc       0x48 main.o
                0x000000000800affc                serial_read(char*, int)
 .text._Z5parsev
                0x000000000800b044       0xd4 main.o
                0x000000000800b044                parse()
 .text.startup.main
                0x000000000800b118       0x18 main.o
                0x000000000800b118                main
 .text._ZN4mbed6SerialD0Ev
                0x000000000800b130       0x1e main.o
                0x000000000800b130                mbed::Serial::~Serial()
                0x000000000800b142                non-virtual thunk to mbed::Serial::~Serial()
                0x000000000800b148                non-virtual thunk to mbed::Serial::~Serial()
 *fill*         0x000000000800b14e        0x2 
 .text.startup._GLOBAL__sub_I_pc
                0x000000000800b150       0x40 main.o
 .text.mbed_die
                0x000000000800b190       0x14 mbed/TARGET_NUCLEO_L152RE/TOOLCHAIN_GCC_ARM/board.o
                0x000000000800b190                mbed_die
 .text.NVIC_SetVector
                0x000000000800b1a4       0x48 mbed/TARGET_NUCLEO_L152RE/TOOLCHAIN_GCC_ARM/cmsis_nvic.o
                0x000000000800b1a4                NVIC_SetVector
 .text.timer_irq_handler
                0x000000000800b1ec       0x48 mbed/TARGET_NUCLEO_L152RE/TOOLCHAIN_GCC_ARM/hal_tick.o
                0x000000000800b1ec                timer_irq_handler
 .text.HAL_InitTick
                0x000000000800b234       0xa4 mbed/TARGET_NUCLEO_L152RE/TOOLCHAIN_GCC_ARM/hal_tick.o
                0x000000000800b234                HAL_InitTick
 .text.mbed_sdk_init
                0x000000000800b2d8        0x4 mbed/TARGET_NUCLEO_L152RE/TOOLCHAIN_GCC_ARM/mbed_overrides.o
                0x000000000800b2d8                mbed_sdk_init
 .text._ZN4mbed10FileHandle4flenEv
                0x000000000800b2dc       0x34 mbed/TARGET_NUCLEO_L152RE/TOOLCHAIN_GCC_ARM/retarget.o
                0x000000000800b2dc                mbed::FileHandle::flen()
 .text._ZL11init_serialv.part.0
                0x000000000800b310       0x10 mbed/TARGET_NUCLEO_L152RE/TOOLCHAIN_GCC_ARM/retarget.o
 .text._ZN4mbed10FileHandleD2Ev
                0x000000000800b320       0x2c mbed/TARGET_NUCLEO_L152RE/TOOLCHAIN_GCC_ARM/retarget.o
                0x000000000800b320                mbed::FileHandle::~FileHandle()
                0x000000000800b320                mbed::FileHandle::~FileHandle()
 .text._open    0x000000000800b34c       0xfc mbed/TARGET_NUCLEO_L152RE/TOOLCHAIN_GCC_ARM/retarget.o
                0x000000000800b34c                _open
 .text._close   0x000000000800b448       0x28 mbed/TARGET_NUCLEO_L152RE/TOOLCHAIN_GCC_ARM/retarget.o
                0x000000000800b448                _close
 .text._write   0x000000000800b470       0x4c mbed/TARGET_NUCLEO_L152RE/TOOLCHAIN_GCC_ARM/retarget.o
                0x000000000800b470                _write
 .text._read    0x000000000800b4bc       0x44 mbed/TARGET_NUCLEO_L152RE/TOOLCHAIN_GCC_ARM/retarget.o
                0x000000000800b4bc                _read
 .text._isatty  0x000000000800b500       0x24 mbed/TARGET_NUCLEO_L152RE/TOOLCHAIN_GCC_ARM/retarget.o
                0x000000000800b500                _isatty
 .text._lseek   0x000000000800b524       0x24 mbed/TARGET_NUCLEO_L152RE/TOOLCHAIN_GCC_ARM/retarget.o
                0x000000000800b524                _lseek
 .text._fstat   0x000000000800b548       0x20 mbed/TARGET_NUCLEO_L152RE/TOOLCHAIN_GCC_ARM/retarget.o
                0x000000000800b548                _fstat
 .text.__cxa_pure_virtual
                0x000000000800b568        0x8 mbed/TARGET_NUCLEO_L152RE/TOOLCHAIN_GCC_ARM/retarget.o
                0x000000000800b568                __cxa_pure_virtual
 .text.mbed_main
                0x000000000800b570        0x4 mbed/TARGET_NUCLEO_L152RE/TOOLCHAIN_GCC_ARM/retarget.o
                0x000000000800b570                mbed_main
 .text.__wrap_main
                0x000000000800b574       0x14 mbed/TARGET_NUCLEO_L152RE/TOOLCHAIN_GCC_ARM/retarget.o
                0x000000000800b574                __wrap_main
 .text._sbrk    0x000000000800b588       0x28 mbed/TARGET_NUCLEO_L152RE/TOOLCHAIN_GCC_ARM/retarget.o
                0x000000000800b588                _sbrk
 .text._exit    0x000000000800b5b0       0x24 mbed/TARGET_NUCLEO_L152RE/TOOLCHAIN_GCC_ARM/retarget.o
                0x000000000800b5b0                _exit
 .text._ZN4mbed26mbed_set_unbuffered_streamEP7__sFILE
                0x000000000800b5d4        0x8 mbed/TARGET_NUCLEO_L152RE/TOOLCHAIN_GCC_ARM/retarget.o
                0x000000000800b5d4                mbed::mbed_set_unbuffered_stream(__sFILE*)
 .text._ZN4mbed9mbed_getcEP7__sFILE
                0x000000000800b5dc        0x4 mbed/TARGET_NUCLEO_L152RE/TOOLCHAIN_GCC_ARM/retarget.o
                0x000000000800b5dc                mbed::mbed_getc(__sFILE*)
 .text.Reset_Handler
                0x000000000800b5e0       0x4c mbed/TARGET_NUCLEO_L152RE/TOOLCHAIN_GCC_ARM/startup_stm32l152xe.o
                0x000000000800b5e0                Reset_Handler
 .text.Default_Handler
                0x000000000800b62c        0x2 mbed/TARGET_NUCLEO_L152RE/TOOLCHAIN_GCC_ARM/startup_stm32l152xe.o
                0x000000000800b62c                RTC_Alarm_IRQHandler
                0x000000000800b62c                EXTI2_IRQHandler
                0x000000000800b62c                COMP_ACQ_IRQHandler
                0x000000000800b62c                DebugMon_Handler
                0x000000000800b62c                HardFault_Handler
                0x000000000800b62c                TIM10_IRQHandler
                0x000000000800b62c                USB_HP_IRQHandler
                0x000000000800b62c                TIM6_IRQHandler
                0x000000000800b62c                SysTick_Handler
                0x000000000800b62c                PVD_IRQHandler
                0x000000000800b62c                PendSV_Handler
                0x000000000800b62c                NMI_Handler
                0x000000000800b62c                EXTI3_IRQHandler
                0x000000000800b62c                EXTI0_IRQHandler
                0x000000000800b62c                I2C2_EV_IRQHandler
                0x000000000800b62c                UsageFault_Handler
                0x000000000800b62c                SPI1_IRQHandler
                0x000000000800b62c                USB_FS_WKUP_IRQHandler
                0x000000000800b62c                DMA2_Channel2_IRQHandler
                0x000000000800b62c                DMA1_Channel4_IRQHandler
                0x000000000800b62c                ADC1_IRQHandler
                0x000000000800b62c                USART3_IRQHandler
                0x000000000800b62c                DMA1_Channel7_IRQHandler
                0x000000000800b62c                LCD_IRQHandler
                0x000000000800b62c                UART5_IRQHandler
                0x000000000800b62c                TIM4_IRQHandler
                0x000000000800b62c                DMA2_Channel1_IRQHandler
                0x000000000800b62c                I2C1_EV_IRQHandler
                0x000000000800b62c                DMA1_Channel6_IRQHandler
                0x000000000800b62c                UART4_IRQHandler
                0x000000000800b62c                DMA2_Channel4_IRQHandler
                0x000000000800b62c                TIM3_IRQHandler
                0x000000000800b62c                RCC_IRQHandler
                0x000000000800b62c                DMA1_Channel1_IRQHandler
                0x000000000800b62c                Default_Handler
                0x000000000800b62c                EXTI15_10_IRQHandler
                0x000000000800b62c                TIM7_IRQHandler
                0x000000000800b62c                TIM5_IRQHandler
                0x000000000800b62c                EXTI9_5_IRQHandler
                0x000000000800b62c                TIM9_IRQHandler
                0x000000000800b62c                TAMPER_STAMP_IRQHandler
                0x000000000800b62c                RTC_WKUP_IRQHandler
                0x000000000800b62c                SPI2_IRQHandler
                0x000000000800b62c                MemManage_Handler
                0x000000000800b62c                SVC_Handler
                0x000000000800b62c                DMA2_Channel5_IRQHandler
                0x000000000800b62c                DMA1_Channel5_IRQHandler
                0x000000000800b62c                USB_LP_IRQHandler
                0x000000000800b62c                EXTI4_IRQHandler
                0x000000000800b62c                DMA1_Channel3_IRQHandler
                0x000000000800b62c                COMP_IRQHandler
                0x000000000800b62c                WWDG_IRQHandler
                0x000000000800b62c                TIM2_IRQHandler
                0x000000000800b62c                DAC_IRQHandler
                0x000000000800b62c                EXTI1_IRQHandler
                0x000000000800b62c                TIM11_IRQHandler
                0x000000000800b62c                USART2_IRQHandler
                0x000000000800b62c                I2C2_ER_IRQHandler
                0x000000000800b62c                DMA1_Channel2_IRQHandler
                0x000000000800b62c                FLASH_IRQHandler
                0x000000000800b62c                BusFault_Handler
                0x000000000800b62c                USART1_IRQHandler
                0x000000000800b62c                SPI3_IRQHandler
                0x000000000800b62c                I2C1_ER_IRQHandler
                0x000000000800b62c                DMA2_Channel3_IRQHandler
 *fill*         0x000000000800b62e        0x2 
 .text.HAL_MspInit
                0x000000000800b630        0x4 mbed/TARGET_NUCLEO_L152RE/TOOLCHAIN_GCC_ARM/stm32l1xx_hal.o
                0x000000000800b630                HAL_MspInit
 .text.HAL_Init
                0x000000000800b634       0x2c mbed/TARGET_NUCLEO_L152RE/TOOLCHAIN_GCC_ARM/stm32l1xx_hal.o
                0x000000000800b634                HAL_Init
 .text.HAL_IncTick
                0x000000000800b660       0x10 mbed/TARGET_NUCLEO_L152RE/TOOLCHAIN_GCC_ARM/stm32l1xx_hal.o
                0x000000000800b660                HAL_IncTick
 .text.HAL_GetTick
                0x000000000800b670        0xc mbed/TARGET_NUCLEO_L152RE/TOOLCHAIN_GCC_ARM/stm32l1xx_hal.o
                0x000000000800b670                HAL_GetTick
 .text.HAL_NVIC_SetPriorityGrouping
                0x000000000800b67c       0x24 mbed/TARGET_NUCLEO_L152RE/TOOLCHAIN_GCC_ARM/stm32l1xx_hal_cortex.o
                0x000000000800b67c                HAL_NVIC_SetPriorityGrouping
 .text.HAL_GPIO_Init
                0x000000000800b6a0      0x1e8 mbed/TARGET_NUCLEO_L152RE/TOOLCHAIN_GCC_ARM/stm32l1xx_hal_gpio.o
                0x000000000800b6a0                HAL_GPIO_Init
 .text.HAL_PWR_EnableBkUpAccess
                0x000000000800b888       0x1c mbed/TARGET_NUCLEO_L152RE/TOOLCHAIN_GCC_ARM/stm32l1xx_hal_pwr.o
                0x000000000800b888                HAL_PWR_EnableBkUpAccess
 .text.HAL_RCC_OscConfig
                0x000000000800b8a4      0x688 mbed/TARGET_NUCLEO_L152RE/TOOLCHAIN_GCC_ARM/stm32l1xx_hal_rcc.o
                0x000000000800b8a4                HAL_RCC_OscConfig
 .text.HAL_RCC_ClockConfig
                0x000000000800bf2c      0x25c mbed/TARGET_NUCLEO_L152RE/TOOLCHAIN_GCC_ARM/stm32l1xx_hal_rcc.o
                0x000000000800bf2c                HAL_RCC_ClockConfig
 .text.HAL_RCC_GetSysClockFreq
                0x000000000800c188       0x98 mbed/TARGET_NUCLEO_L152RE/TOOLCHAIN_GCC_ARM/stm32l1xx_hal_rcc.o
                0x000000000800c188                HAL_RCC_GetSysClockFreq
 .text.HAL_RCC_GetHCLKFreq
                0x000000000800c220       0x34 mbed/TARGET_NUCLEO_L152RE/TOOLCHAIN_GCC_ARM/stm32l1xx_hal_rcc.o
                0x000000000800c220                HAL_RCC_GetHCLKFreq
 .text.HAL_RCC_GetPCLK1Freq
                0x000000000800c254       0x2c mbed/TARGET_NUCLEO_L152RE/TOOLCHAIN_GCC_ARM/stm32l1xx_hal_rcc.o
                0x000000000800c254                HAL_RCC_GetPCLK1Freq
 .text.HAL_RCC_GetPCLK2Freq
                0x000000000800c280       0x2c mbed/TARGET_NUCLEO_L152RE/TOOLCHAIN_GCC_ARM/stm32l1xx_hal_rcc.o
                0x000000000800c280                HAL_RCC_GetPCLK2Freq
 .text.HAL_RTC_MspInit
                0x000000000800c2ac        0x4 mbed/TARGET_NUCLEO_L152RE/TOOLCHAIN_GCC_ARM/stm32l1xx_hal_rtc.o
                0x000000000800c2ac                HAL_RTC_MspInit
 .text.HAL_RTC_GetDate
                0x000000000800c2b0       0x58 mbed/TARGET_NUCLEO_L152RE/TOOLCHAIN_GCC_ARM/stm32l1xx_hal_rtc.o
                0x000000000800c2b0                HAL_RTC_GetDate
 .text.RTC_EnterInitMode
                0x000000000800c308       0x34 mbed/TARGET_NUCLEO_L152RE/TOOLCHAIN_GCC_ARM/stm32l1xx_hal_rtc.o
                0x000000000800c308                RTC_EnterInitMode
 .text.HAL_RTC_Init
                0x000000000800c33c       0x8c mbed/TARGET_NUCLEO_L152RE/TOOLCHAIN_GCC_ARM/stm32l1xx_hal_rtc.o
                0x000000000800c33c                HAL_RTC_Init
 .text.HAL_RTC_SetTime
                0x000000000800c3c8      0x134 mbed/TARGET_NUCLEO_L152RE/TOOLCHAIN_GCC_ARM/stm32l1xx_hal_rtc.o
                0x000000000800c3c8                HAL_RTC_SetTime
 .text.HAL_RTC_SetDate
                0x000000000800c4fc      0x100 mbed/TARGET_NUCLEO_L152RE/TOOLCHAIN_GCC_ARM/stm32l1xx_hal_rtc.o
                0x000000000800c4fc                HAL_RTC_SetDate
 .text.RTC_Bcd2ToByte
                0x000000000800c5fc       0x14 mbed/TARGET_NUCLEO_L152RE/TOOLCHAIN_GCC_ARM/stm32l1xx_hal_rtc.o
                0x000000000800c5fc                RTC_Bcd2ToByte
 .text.HAL_RTC_GetTime
                0x000000000800c610       0x44 mbed/TARGET_NUCLEO_L152RE/TOOLCHAIN_GCC_ARM/stm32l1xx_hal_rtc_ex.o
                0x000000000800c610                HAL_RTC_GetTime
 .text.HAL_RTC_WaitForSynchro
                0x000000000800c654       0x38 mbed/TARGET_NUCLEO_L152RE/TOOLCHAIN_GCC_ARM/stm32l1xx_hal_rtc_ex.o
                0x000000000800c654                HAL_RTC_WaitForSynchro
 .text.TIM_Base_SetConfig
                0x000000000800c68c       0x64 mbed/TARGET_NUCLEO_L152RE/TOOLCHAIN_GCC_ARM/stm32l1xx_hal_tim.o
 .text.HAL_TIM_OC_MspInit
                0x000000000800c6f0        0x4 mbed/TARGET_NUCLEO_L152RE/TOOLCHAIN_GCC_ARM/stm32l1xx_hal_tim.o
                0x000000000800c6f0                HAL_TIM_OC_MspInit
 .text.HAL_TIM_OC_Init
                0x000000000800c6f4       0x30 mbed/TARGET_NUCLEO_L152RE/TOOLCHAIN_GCC_ARM/stm32l1xx_hal_tim.o
                0x000000000800c6f4                HAL_TIM_OC_Init
 .text.HAL_TIM_OC_Start
                0x000000000800c724       0x24 mbed/TARGET_NUCLEO_L152RE/TOOLCHAIN_GCC_ARM/stm32l1xx_hal_tim.o
                0x000000000800c724                HAL_TIM_OC_Start
 .text.UART_SetConfig
                0x000000000800c748      0x17c mbed/TARGET_NUCLEO_L152RE/TOOLCHAIN_GCC_ARM/stm32l1xx_hal_uart.o
 .text.HAL_UART_MspInit
                0x000000000800c8c4        0x4 mbed/TARGET_NUCLEO_L152RE/TOOLCHAIN_GCC_ARM/stm32l1xx_hal_uart.o
                0x000000000800c8c4                HAL_UART_MspInit
 .text.HAL_UART_Init
                0x000000000800c8c8       0x58 mbed/TARGET_NUCLEO_L152RE/TOOLCHAIN_GCC_ARM/stm32l1xx_hal_uart.o
                0x000000000800c8c8                HAL_UART_Init
 .text.SystemCoreClockUpdate
                0x000000000800c920       0x8c mbed/TARGET_NUCLEO_L152RE/TOOLCHAIN_GCC_ARM/system_stm32l1xx.o
                0x000000000800c920                SystemCoreClockUpdate
 .text.SetSysClock_PLL_HSE
                0x000000000800c9ac       0xa0 mbed/TARGET_NUCLEO_L152RE/TOOLCHAIN_GCC_ARM/system_stm32l1xx.o
                0x000000000800c9ac                SetSysClock_PLL_HSE
 .text.SetSysClock_PLL_HSI
                0x000000000800ca4c       0x7c mbed/TARGET_NUCLEO_L152RE/TOOLCHAIN_GCC_ARM/system_stm32l1xx.o
                0x000000000800ca4c                SetSysClock_PLL_HSI
 .text.SetSysClock
                0x000000000800cac8       0x20 mbed/TARGET_NUCLEO_L152RE/TOOLCHAIN_GCC_ARM/system_stm32l1xx.o
                0x000000000800cac8                SetSysClock
 .text.SystemInit
                0x000000000800cae8       0x70 mbed/TARGET_NUCLEO_L152RE/TOOLCHAIN_GCC_ARM/system_stm32l1xx.o
                0x000000000800cae8                SystemInit
 .text.init_uart
                0x000000000800cb58       0x4c ./mbed/TARGET_NUCLEO_L152RE/TOOLCHAIN_GCC_ARM/libmbed.a(serial_api.o)
 .text.serial_init
                0x000000000800cba4      0x130 ./mbed/TARGET_NUCLEO_L152RE/TOOLCHAIN_GCC_ARM/libmbed.a(serial_api.o)
                0x000000000800cba4                serial_init
 .text.serial_baud
                0x000000000800ccd4        0x8 ./mbed/TARGET_NUCLEO_L152RE/TOOLCHAIN_GCC_ARM/libmbed.a(serial_api.o)
                0x000000000800ccd4                serial_baud
 .text.serial_irq_handler
                0x000000000800ccdc       0x1c ./mbed/TARGET_NUCLEO_L152RE/TOOLCHAIN_GCC_ARM/libmbed.a(serial_api.o)
                0x000000000800ccdc                serial_irq_handler
 .text.serial_getc
                0x000000000800ccf8       0x18 ./mbed/TARGET_NUCLEO_L152RE/TOOLCHAIN_GCC_ARM/libmbed.a(serial_api.o)
                0x000000000800ccf8                serial_getc
 .text.serial_putc
                0x000000000800cd10       0x18 ./mbed/TARGET_NUCLEO_L152RE/TOOLCHAIN_GCC_ARM/libmbed.a(serial_api.o)
                0x000000000800cd10                serial_putc
 .text._ZN4mbed8FilePathC2EPKc
                0x000000000800cd28       0x54 ./mbed/TARGET_NUCLEO_L152RE/TOOLCHAIN_GCC_ARM/libmbed.a(FilePath.o)
                0x000000000800cd28                mbed::FilePath::FilePath(char const*)
                0x000000000800cd28                mbed::FilePath::FilePath(char const*)
 .text._ZN4mbed8FilePath8fileNameEv
                0x000000000800cd7c        0x4 ./mbed/TARGET_NUCLEO_L152RE/TOOLCHAIN_GCC_ARM/libmbed.a(FilePath.o)
                0x000000000800cd7c                mbed::FilePath::fileName()
 .text._ZN4mbed8FilePath10fileSystemEv
                0x000000000800cd80       0x20 ./mbed/TARGET_NUCLEO_L152RE/TOOLCHAIN_GCC_ARM/libmbed.a(FilePath.o)
                0x000000000800cd80                mbed::FilePath::fileSystem()
 .text._ZN4mbed8FilePath6isFileEv
                0x000000000800cda0       0x14 ./mbed/TARGET_NUCLEO_L152RE/TOOLCHAIN_GCC_ARM/libmbed.a(FilePath.o)
                0x000000000800cda0                mbed::FilePath::isFile()
 .text._ZN4mbed8FilePath4fileEv
                0x000000000800cdb4       0x20 ./mbed/TARGET_NUCLEO_L152RE/TOOLCHAIN_GCC_ARM/libmbed.a(FilePath.o)
                0x000000000800cdb4                mbed::FilePath::file()
 .text._ZN4mbed8FilePath6existsEv
                0x000000000800cdd4        0xc ./mbed/TARGET_NUCLEO_L152RE/TOOLCHAIN_GCC_ARM/libmbed.a(FilePath.o)
                0x000000000800cdd4                mbed::FilePath::exists()
 .text._ZN4mbed10SerialBaseD2Ev
                0x000000000800cde0        0x4 ./mbed/TARGET_NUCLEO_L152RE/TOOLCHAIN_GCC_ARM/libmbed.a(Serial.o)
                0x000000000800cde0                mbed::SerialBase::~SerialBase()
                0x000000000800cde0                mbed::SerialBase::~SerialBase()
 .text._ZN4mbed6Serial5_getcEv
                0x000000000800cde4        0x4 ./mbed/TARGET_NUCLEO_L152RE/TOOLCHAIN_GCC_ARM/libmbed.a(Serial.o)
                0x000000000800cde4                mbed::Serial::_getc()
 .text._ZThn84_N4mbed6Serial5_getcEv
                0x000000000800cde8        0x8 ./mbed/TARGET_NUCLEO_L152RE/TOOLCHAIN_GCC_ARM/libmbed.a(Serial.o)
                0x000000000800cde8                non-virtual thunk to mbed::Serial::_getc()
 .text._ZN4mbed6Serial5_putcEi
                0x000000000800cdf0        0x4 ./mbed/TARGET_NUCLEO_L152RE/TOOLCHAIN_GCC_ARM/libmbed.a(Serial.o)
                0x000000000800cdf0                mbed::Serial::_putc(int)
 .text._ZThn84_N4mbed6Serial5_putcEi
                0x000000000800cdf4        0x8 ./mbed/TARGET_NUCLEO_L152RE/TOOLCHAIN_GCC_ARM/libmbed.a(Serial.o)
                0x000000000800cdf4                non-virtual thunk to mbed::Serial::_putc(int)
 .text._ZN4mbed10SerialBaseD0Ev
                0x000000000800cdfc        0xc ./mbed/TARGET_NUCLEO_L152RE/TOOLCHAIN_GCC_ARM/libmbed.a(Serial.o)
                0x000000000800cdfc                mbed::SerialBase::~SerialBase()
 .text._ZN4mbed6SerialC2E7PinNameS1_PKc
                0x000000000800ce08       0x30 ./mbed/TARGET_NUCLEO_L152RE/TOOLCHAIN_GCC_ARM/libmbed.a(Serial.o)
                0x000000000800ce08                mbed::Serial::Serial(PinName, PinName, char const*)
                0x000000000800ce08                mbed::Serial::Serial(PinName, PinName, char const*)
 .text._ZN4mbed10SerialBase12_irq_handlerEm9SerialIrq
                0x000000000800ce38       0x20 ./mbed/TARGET_NUCLEO_L152RE/TOOLCHAIN_GCC_ARM/libmbed.a(SerialBase.o)
                0x000000000800ce38                mbed::SerialBase::_irq_handler(unsigned long, SerialIrq)
 .text._ZN4mbed10SerialBaseC2E7PinNameS1_
                0x000000000800ce58       0x48 ./mbed/TARGET_NUCLEO_L152RE/TOOLCHAIN_GCC_ARM/libmbed.a(SerialBase.o)
                0x000000000800ce58                mbed::SerialBase::SerialBase(PinName, PinName)
                0x000000000800ce58                mbed::SerialBase::SerialBase(PinName, PinName)
 .text._ZN4mbed10SerialBase4baudEi
                0x000000000800cea0       0x10 ./mbed/TARGET_NUCLEO_L152RE/TOOLCHAIN_GCC_ARM/libmbed.a(SerialBase.o)
                0x000000000800cea0                mbed::SerialBase::baud(int)
 .text._ZN4mbed10SerialBase10_base_getcEv
                0x000000000800ceb0        0x8 ./mbed/TARGET_NUCLEO_L152RE/TOOLCHAIN_GCC_ARM/libmbed.a(SerialBase.o)
                0x000000000800ceb0                mbed::SerialBase::_base_getc()
 .text._ZN4mbed10SerialBase10_base_putcEi
                0x000000000800ceb8       0x10 ./mbed/TARGET_NUCLEO_L152RE/TOOLCHAIN_GCC_ARM/libmbed.a(SerialBase.o)
                0x000000000800ceb8                mbed::SerialBase::_base_putc(int)
 .text._ZN4mbed6Stream5closeEv
                0x000000000800cec8        0x4 ./mbed/TARGET_NUCLEO_L152RE/TOOLCHAIN_GCC_ARM/libmbed.a(Stream.o)
                0x000000000800cec8                mbed::Stream::close()
 .text._ZN4mbed6Stream5writeEPKvj
                0x000000000800cecc       0x2c ./mbed/TARGET_NUCLEO_L152RE/TOOLCHAIN_GCC_ARM/libmbed.a(Stream.o)
                0x000000000800cecc                mbed::Stream::write(void const*, unsigned int)
 .text._ZN4mbed6Stream4readEPvj
                0x000000000800cef8       0x2c ./mbed/TARGET_NUCLEO_L152RE/TOOLCHAIN_GCC_ARM/libmbed.a(Stream.o)
                0x000000000800cef8                mbed::Stream::read(void*, unsigned int)
 .text._ZN4mbed6Stream5lseekEli
                0x000000000800cf24        0x4 ./mbed/TARGET_NUCLEO_L152RE/TOOLCHAIN_GCC_ARM/libmbed.a(Stream.o)
                0x000000000800cf24                mbed::Stream::lseek(long, int)
 .text._ZN4mbed6Stream6isattyEv
                0x000000000800cf28        0x4 ./mbed/TARGET_NUCLEO_L152RE/TOOLCHAIN_GCC_ARM/libmbed.a(Stream.o)
                0x000000000800cf28                mbed::Stream::isatty()
 .text._ZN4mbed6Stream5fsyncEv
                0x000000000800cf2c        0x4 ./mbed/TARGET_NUCLEO_L152RE/TOOLCHAIN_GCC_ARM/libmbed.a(Stream.o)
                0x000000000800cf2c                mbed::Stream::fsync()
 .text._ZN4mbed6Stream4flenEv
                0x000000000800cf30        0x4 ./mbed/TARGET_NUCLEO_L152RE/TOOLCHAIN_GCC_ARM/libmbed.a(Stream.o)
                0x000000000800cf30                mbed::Stream::flen()
 .text._ZN4mbed6StreamC2EPKc
                0x000000000800cf34       0x44 ./mbed/TARGET_NUCLEO_L152RE/TOOLCHAIN_GCC_ARM/libmbed.a(Stream.o)
                0x000000000800cf34                mbed::Stream::Stream(char const*)
                0x000000000800cf34                mbed::Stream::Stream(char const*)
 .text._ZN4mbed6StreamD2Ev
                0x000000000800cf78       0x24 ./mbed/TARGET_NUCLEO_L152RE/TOOLCHAIN_GCC_ARM/libmbed.a(Stream.o)
                0x000000000800cf78                mbed::Stream::~Stream()
                0x000000000800cf78                mbed::Stream::~Stream()
 .text._ZN4mbed6Stream4getcEv
                0x000000000800cf9c       0x14 ./mbed/TARGET_NUCLEO_L152RE/TOOLCHAIN_GCC_ARM/libmbed.a(Stream.o)
                0x000000000800cf9c                mbed::Stream::getc()
 .text._ZN4mbed6Stream6printfEPKcz
                0x000000000800cfb0       0x2c ./mbed/TARGET_NUCLEO_L152RE/TOOLCHAIN_GCC_ARM/libmbed.a(Stream.o)
                0x000000000800cfb0                mbed::Stream::printf(char const*, ...)
 .text.mbed_assert_internal
                0x000000000800cfdc       0x18 ./mbed/TARGET_NUCLEO_L152RE/TOOLCHAIN_GCC_ARM/libmbed.a(assert.o)
                0x000000000800cfdc                mbed_assert_internal
 .text.gpio_init_out
                0x000000000800cff4       0x48 ./mbed/TARGET_NUCLEO_L152RE/TOOLCHAIN_GCC_ARM/libmbed.a(gpio.o)
                0x000000000800cff4                gpio_init_out
 .text.error    0x000000000800d03c       0x24 ./mbed/TARGET_NUCLEO_L152RE/TOOLCHAIN_GCC_ARM/libmbed.a(error.o)
                0x000000000800d03c                error
 .text.pinmap_pinout
                0x000000000800d060       0x44 ./mbed/TARGET_NUCLEO_L152RE/TOOLCHAIN_GCC_ARM/libmbed.a(pinmap_common.o)
                0x000000000800d060                pinmap_pinout
 .text.pinmap_merge
                0x000000000800d0a4       0x24 ./mbed/TARGET_NUCLEO_L152RE/TOOLCHAIN_GCC_ARM/libmbed.a(pinmap_common.o)
                0x000000000800d0a4                pinmap_merge
 .text.pinmap_peripheral
                0x000000000800d0c8       0x38 ./mbed/TARGET_NUCLEO_L152RE/TOOLCHAIN_GCC_ARM/libmbed.a(pinmap_common.o)
                0x000000000800d0c8                pinmap_peripheral
 .text.time     0x000000000800d100       0x40 ./mbed/TARGET_NUCLEO_L152RE/TOOLCHAIN_GCC_ARM/libmbed.a(rtc_time.o)
                0x000000000800d100                time
 .text.us_ticker_irq_handler
                0x000000000800d140        0xc ./mbed/TARGET_NUCLEO_L152RE/TOOLCHAIN_GCC_ARM/libmbed.a(us_ticker_api.o)
                0x000000000800d140                us_ticker_irq_handler
 .text.ticker_irq_handler
                0x000000000800d14c       0x4c ./mbed/TARGET_NUCLEO_L152RE/TOOLCHAIN_GCC_ARM/libmbed.a(ticker_api.o)
                0x000000000800d14c                ticker_irq_handler
 .text.wait_us  0x000000000800d198       0x18 ./mbed/TARGET_NUCLEO_L152RE/TOOLCHAIN_GCC_ARM/libmbed.a(wait_api.o)
                0x000000000800d198                wait_us
 .text.wait_ms  0x000000000800d1b0        0xc ./mbed/TARGET_NUCLEO_L152RE/TOOLCHAIN_GCC_ARM/libmbed.a(wait_api.o)
                0x000000000800d1b0                wait_ms
 .text.gpio_set
                0x000000000800d1bc       0x30 ./mbed/TARGET_NUCLEO_L152RE/TOOLCHAIN_GCC_ARM/libmbed.a(gpio_api.o)
                0x000000000800d1bc                gpio_set
 .text.gpio_init
                0x000000000800d1ec       0x30 ./mbed/TARGET_NUCLEO_L152RE/TOOLCHAIN_GCC_ARM/libmbed.a(gpio_api.o)
                0x000000000800d1ec                gpio_init
 .text.gpio_mode
                0x000000000800d21c        0x8 ./mbed/TARGET_NUCLEO_L152RE/TOOLCHAIN_GCC_ARM/libmbed.a(gpio_api.o)
                0x000000000800d21c                gpio_mode
 .text.gpio_dir
                0x000000000800d224       0x40 ./mbed/TARGET_NUCLEO_L152RE/TOOLCHAIN_GCC_ARM/libmbed.a(gpio_api.o)
                0x000000000800d224                gpio_dir
 .text.Set_GPIO_Clock
                0x000000000800d264       0x80 ./mbed/TARGET_NUCLEO_L152RE/TOOLCHAIN_GCC_ARM/libmbed.a(pinmap.o)
                0x000000000800d264                Set_GPIO_Clock
 .text.pin_function
                0x000000000800d2e4       0x5c ./mbed/TARGET_NUCLEO_L152RE/TOOLCHAIN_GCC_ARM/libmbed.a(pinmap.o)
                0x000000000800d2e4                pin_function
 .text.pin_mode
                0x000000000800d340       0x48 ./mbed/TARGET_NUCLEO_L152RE/TOOLCHAIN_GCC_ARM/libmbed.a(pinmap.o)
                0x000000000800d340                pin_mode
 .text.rtc_init
                0x000000000800d388       0xec ./mbed/TARGET_NUCLEO_L152RE/TOOLCHAIN_GCC_ARM/libmbed.a(rtc_api.o)
                0x000000000800d388                rtc_init
 .text.rtc_isenabled
                0x000000000800d474        0xc ./mbed/TARGET_NUCLEO_L152RE/TOOLCHAIN_GCC_ARM/libmbed.a(rtc_api.o)
                0x000000000800d474                rtc_isenabled
 .text.rtc_read
                0x000000000800d480       0x60 ./mbed/TARGET_NUCLEO_L152RE/TOOLCHAIN_GCC_ARM/libmbed.a(rtc_api.o)
                0x000000000800d480                rtc_read
 .text.rtc_write
                0x000000000800d4e0       0x70 ./mbed/TARGET_NUCLEO_L152RE/TOOLCHAIN_GCC_ARM/libmbed.a(rtc_api.o)
                0x000000000800d4e0                rtc_write
 .text.us_ticker_init
                0x000000000800d550       0x28 ./mbed/TARGET_NUCLEO_L152RE/TOOLCHAIN_GCC_ARM/libmbed.a(us_ticker.o)
                0x000000000800d550                us_ticker_init
 .text.us_ticker_read
                0x000000000800d578       0x30 ./mbed/TARGET_NUCLEO_L152RE/TOOLCHAIN_GCC_ARM/libmbed.a(us_ticker.o)
                0x000000000800d578                us_ticker_read
 .text.us_ticker_set_interrupt
                0x000000000800d5a8       0x14 ./mbed/TARGET_NUCLEO_L152RE/TOOLCHAIN_GCC_ARM/libmbed.a(us_ticker.o)
                0x000000000800d5a8                us_ticker_set_interrupt
 .text.us_ticker_disable_interrupt
                0x000000000800d5bc       0x14 ./mbed/TARGET_NUCLEO_L152RE/TOOLCHAIN_GCC_ARM/libmbed.a(us_ticker.o)
                0x000000000800d5bc                us_ticker_disable_interrupt
 .text.us_ticker_clear_interrupt
                0x000000000800d5d0       0x10 ./mbed/TARGET_NUCLEO_L152RE/TOOLCHAIN_GCC_ARM/libmbed.a(us_ticker.o)
                0x000000000800d5d0                us_ticker_clear_interrupt
 .text._ZN4mbed8FileLikeC2EPKc
                0x000000000800d5e0       0x28 ./mbed/TARGET_NUCLEO_L152RE/TOOLCHAIN_GCC_ARM/libmbed.a(FileLike.o)
                0x000000000800d5e0                mbed::FileLike::FileLike(char const*)
                0x000000000800d5e0                mbed::FileLike::FileLike(char const*)
 .text._ZN4mbed8FileLikeD2Ev
                0x000000000800d608       0x24 ./mbed/TARGET_NUCLEO_L152RE/TOOLCHAIN_GCC_ARM/libmbed.a(FileLike.o)
                0x000000000800d608                mbed::FileLike::~FileLike()
                0x000000000800d608                mbed::FileLike::~FileLike()
 .text._ZN4mbed8FileBaseD2Ev
                0x000000000800d62c       0x30 ./mbed/TARGET_NUCLEO_L152RE/TOOLCHAIN_GCC_ARM/libmbed.a(FileBase.o)
                0x000000000800d62c                mbed::FileBase::~FileBase()
                0x000000000800d62c                mbed::FileBase::~FileBase()
 .text._ZN4mbed8FileBaseD0Ev
                0x000000000800d65c       0x3c ./mbed/TARGET_NUCLEO_L152RE/TOOLCHAIN_GCC_ARM/libmbed.a(FileBase.o)
                0x000000000800d65c                mbed::FileBase::~FileBase()
 .text._ZN4mbed8FileBaseC2EPKcNS_8PathTypeE
                0x000000000800d698       0x28 ./mbed/TARGET_NUCLEO_L152RE/TOOLCHAIN_GCC_ARM/libmbed.a(FileBase.o)
                0x000000000800d698                mbed::FileBase::FileBase(char const*, mbed::PathType)
                0x000000000800d698                mbed::FileBase::FileBase(char const*, mbed::PathType)
 .text._ZN4mbed8FileBase6lookupEPKcj
                0x000000000800d6c0       0x3c ./mbed/TARGET_NUCLEO_L152RE/TOOLCHAIN_GCC_ARM/libmbed.a(FileBase.o)
                0x000000000800d6c0                mbed::FileBase::lookup(char const*, unsigned int)
 .text._ZN4mbed8FileBase11getPathTypeEv
                0x000000000800d6fc        0x4 ./mbed/TARGET_NUCLEO_L152RE/TOOLCHAIN_GCC_ARM/libmbed.a(FileBase.o)
                0x000000000800d6fc                mbed::FileBase::getPathType()
 .text._ZdlPv   0x000000000800d700        0x4 /home/stly/Documents/IoTFuzzing/CORTEX-M4-QEMU/gcc-arm/bin/../lib/gcc/arm-none-eabi/7.3.1/../../../../arm-none-eabi/lib/thumb/v7-m/libstdc++_nano.a(del_op.o)
                0x000000000800d700                operator delete(void*)
 .text.__aeabi_atexit
                0x000000000800d704        0xa /home/stly/Documents/IoTFuzzing/CORTEX-M4-QEMU/gcc-arm/bin/../lib/gcc/arm-none-eabi/7.3.1/../../../../arm-none-eabi/lib/thumb/v7-m/libstdc++_nano.a(atexit_arm.o)
                0x000000000800d704                __aeabi_atexit
 *fill*         0x000000000800d70e        0x2 
 .text.__cxa_atexit
                0x000000000800d710       0x1c /home/stly/Documents/IoTFuzzing/CORTEX-M4-QEMU/gcc-arm/bin/../lib/gcc/arm-none-eabi/7.3.1/../../../../arm-none-eabi/lib/thumb/v7-m/libc_nano.a(lib_a-cxa_atexit.o)
                0x000000000800d710                __cxa_atexit
 .text.__errno  0x000000000800d72c        0xc /home/stly/Documents/IoTFuzzing/CORTEX-M4-QEMU/gcc-arm/bin/../lib/gcc/arm-none-eabi/7.3.1/../../../../arm-none-eabi/lib/thumb/v7-m/libc_nano.a(lib_a-errno.o)
                0x000000000800d72c                __errno
 .text.exit     0x000000000800d738       0x28 /home/stly/Documents/IoTFuzzing/CORTEX-M4-QEMU/gcc-arm/bin/../lib/gcc/arm-none-eabi/7.3.1/../../../../arm-none-eabi/lib/thumb/v7-m/libc_nano.a(lib_a-exit.o)
                0x000000000800d738                exit
 .text._fclose_r
                0x000000000800d760       0xa4 /home/stly/Documents/IoTFuzzing/CORTEX-M4-QEMU/gcc-arm/bin/../lib/gcc/arm-none-eabi/7.3.1/../../../../arm-none-eabi/lib/thumb/v7-m/libc_nano.a(lib_a-fclose.o)
                0x000000000800d760                _fclose_r
 .text.fclose   0x000000000800d804       0x10 /home/stly/Documents/IoTFuzzing/CORTEX-M4-QEMU/gcc-arm/bin/../lib/gcc/arm-none-eabi/7.3.1/../../../../arm-none-eabi/lib/thumb/v7-m/libc_nano.a(lib_a-fclose.o)
                0x000000000800d804                fclose
 .text.ferror   0x000000000800d814       0x48 /home/stly/Documents/IoTFuzzing/CORTEX-M4-QEMU/gcc-arm/bin/../lib/gcc/arm-none-eabi/7.3.1/../../../../arm-none-eabi/lib/thumb/v7-m/libc_nano.a(lib_a-ferror.o)
                0x000000000800d814                ferror
 .text.__sflush_r
                0x000000000800d85c      0x10c /home/stly/Documents/IoTFuzzing/CORTEX-M4-QEMU/gcc-arm/bin/../lib/gcc/arm-none-eabi/7.3.1/../../../../arm-none-eabi/lib/thumb/v7-m/libc_nano.a(lib_a-fflush.o)
                0x000000000800d85c                __sflush_r
 .text._fflush_r
                0x000000000800d968       0x54 /home/stly/Documents/IoTFuzzing/CORTEX-M4-QEMU/gcc-arm/bin/../lib/gcc/arm-none-eabi/7.3.1/../../../../arm-none-eabi/lib/thumb/v7-m/libc_nano.a(lib_a-fflush.o)
                0x000000000800d968                _fflush_r
 .text.fflush   0x000000000800d9bc       0x24 /home/stly/Documents/IoTFuzzing/CORTEX-M4-QEMU/gcc-arm/bin/../lib/gcc/arm-none-eabi/7.3.1/../../../../arm-none-eabi/lib/thumb/v7-m/libc_nano.a(lib_a-fflush.o)
                0x000000000800d9bc                fflush
 .text._fgetc_r
                0x000000000800d9e0       0x58 /home/stly/Documents/IoTFuzzing/CORTEX-M4-QEMU/gcc-arm/bin/../lib/gcc/arm-none-eabi/7.3.1/../../../../arm-none-eabi/lib/thumb/v7-m/libc_nano.a(lib_a-fgetc.o)
                0x000000000800d9e0                _fgetc_r
 .text.fgetc    0x000000000800da38       0x10 /home/stly/Documents/IoTFuzzing/CORTEX-M4-QEMU/gcc-arm/bin/../lib/gcc/arm-none-eabi/7.3.1/../../../../arm-none-eabi/lib/thumb/v7-m/libc_nano.a(lib_a-fgetc.o)
                0x000000000800da38                fgetc
 .text.std      0x000000000800da48       0x48 /home/stly/Documents/IoTFuzzing/CORTEX-M4-QEMU/gcc-arm/bin/../lib/gcc/arm-none-eabi/7.3.1/../../../../arm-none-eabi/lib/thumb/v7-m/libc_nano.a(lib_a-findfp.o)
 .text._cleanup_r
                0x000000000800da90        0xc /home/stly/Documents/IoTFuzzing/CORTEX-M4-QEMU/gcc-arm/bin/../lib/gcc/arm-none-eabi/7.3.1/../../../../arm-none-eabi/lib/thumb/v7-m/libc_nano.a(lib_a-findfp.o)
                0x000000000800da90                _cleanup_r
 .text.__sfmoreglue
                0x000000000800da9c       0x2c /home/stly/Documents/IoTFuzzing/CORTEX-M4-QEMU/gcc-arm/bin/../lib/gcc/arm-none-eabi/7.3.1/../../../../arm-none-eabi/lib/thumb/v7-m/libc_nano.a(lib_a-findfp.o)
                0x000000000800da9c                __sfmoreglue
 .text.__sinit  0x000000000800dac8       0x60 /home/stly/Documents/IoTFuzzing/CORTEX-M4-QEMU/gcc-arm/bin/../lib/gcc/arm-none-eabi/7.3.1/../../../../arm-none-eabi/lib/thumb/v7-m/libc_nano.a(lib_a-findfp.o)
                0x000000000800dac8                __sinit
 .text.__sfp    0x000000000800db28       0x78 /home/stly/Documents/IoTFuzzing/CORTEX-M4-QEMU/gcc-arm/bin/../lib/gcc/arm-none-eabi/7.3.1/../../../../arm-none-eabi/lib/thumb/v7-m/libc_nano.a(lib_a-findfp.o)
                0x000000000800db28                __sfp
 .text.__sfp_lock_acquire
                0x000000000800dba0        0x2 /home/stly/Documents/IoTFuzzing/CORTEX-M4-QEMU/gcc-arm/bin/../lib/gcc/arm-none-eabi/7.3.1/../../../../arm-none-eabi/lib/thumb/v7-m/libc_nano.a(lib_a-findfp.o)
                0x000000000800dba0                __sfp_lock_acquire
 .text.__sfp_lock_release
                0x000000000800dba2        0x2 /home/stly/Documents/IoTFuzzing/CORTEX-M4-QEMU/gcc-arm/bin/../lib/gcc/arm-none-eabi/7.3.1/../../../../arm-none-eabi/lib/thumb/v7-m/libc_nano.a(lib_a-findfp.o)
                0x000000000800dba2                __sfp_lock_release
 .text._fopen_r
                0x000000000800dba4       0x80 /home/stly/Documents/IoTFuzzing/CORTEX-M4-QEMU/gcc-arm/bin/../lib/gcc/arm-none-eabi/7.3.1/../../../../arm-none-eabi/lib/thumb/v7-m/libc_nano.a(lib_a-fopen.o)
                0x000000000800dba4                _fopen_r
 .text.fopen    0x000000000800dc24       0x10 /home/stly/Documents/IoTFuzzing/CORTEX-M4-QEMU/gcc-arm/bin/../lib/gcc/arm-none-eabi/7.3.1/../../../../arm-none-eabi/lib/thumb/v7-m/libc_nano.a(lib_a-fopen.o)
                0x000000000800dc24                fopen
 .text._fputs_r
                0x000000000800dc34       0x90 /home/stly/Documents/IoTFuzzing/CORTEX-M4-QEMU/gcc-arm/bin/../lib/gcc/arm-none-eabi/7.3.1/../../../../arm-none-eabi/lib/thumb/v7-m/libc_nano.a(lib_a-fputs.o)
                0x000000000800dc34                _fputs_r
 .text.fputs    0x000000000800dcc4       0x10 /home/stly/Documents/IoTFuzzing/CORTEX-M4-QEMU/gcc-arm/bin/../lib/gcc/arm-none-eabi/7.3.1/../../../../arm-none-eabi/lib/thumb/v7-m/libc_nano.a(lib_a-fputs.o)
                0x000000000800dcc4                fputs
 .text._fseek_r
                0x000000000800dcd4        0x4 /home/stly/Documents/IoTFuzzing/CORTEX-M4-QEMU/gcc-arm/bin/../lib/gcc/arm-none-eabi/7.3.1/../../../../arm-none-eabi/lib/thumb/v7-m/libc_nano.a(lib_a-fseek.o)
                0x000000000800dcd4                _fseek_r
 .text._fseeko_r
                0x000000000800dcd8      0x120 /home/stly/Documents/IoTFuzzing/CORTEX-M4-QEMU/gcc-arm/bin/../lib/gcc/arm-none-eabi/7.3.1/../../../../arm-none-eabi/lib/thumb/v7-m/libc_nano.a(lib_a-fseeko.o)
                0x000000000800dcd8                _fseeko_r
 .text._fwalk   0x000000000800ddf8       0x38 /home/stly/Documents/IoTFuzzing/CORTEX-M4-QEMU/gcc-arm/bin/../lib/gcc/arm-none-eabi/7.3.1/../../../../arm-none-eabi/lib/thumb/v7-m/libc_nano.a(lib_a-fwalk.o)
                0x000000000800ddf8                _fwalk
 .text._fwalk_reent
                0x000000000800de30       0x3c /home/stly/Documents/IoTFuzzing/CORTEX-M4-QEMU/gcc-arm/bin/../lib/gcc/arm-none-eabi/7.3.1/../../../../arm-none-eabi/lib/thumb/v7-m/libc_nano.a(lib_a-fwalk.o)
                0x000000000800de30                _fwalk_reent
 .text.__libc_init_array
                0x000000000800de6c       0x48 /home/stly/Documents/IoTFuzzing/CORTEX-M4-QEMU/gcc-arm/bin/../lib/gcc/arm-none-eabi/7.3.1/../../../../arm-none-eabi/lib/thumb/v7-m/libc_nano.a(lib_a-init.o)
                0x000000000800de6c                __libc_init_array
 .text.localtime
                0x000000000800deb4       0x24 /home/stly/Documents/IoTFuzzing/CORTEX-M4-QEMU/gcc-arm/bin/../lib/gcc/arm-none-eabi/7.3.1/../../../../arm-none-eabi/lib/thumb/v7-m/libc_nano.a(lib_a-lcltime.o)
                0x000000000800deb4                localtime
 .text.localtime_r
                0x000000000800ded8      0x1d4 /home/stly/Documents/IoTFuzzing/CORTEX-M4-QEMU/gcc-arm/bin/../lib/gcc/arm-none-eabi/7.3.1/../../../../arm-none-eabi/lib/thumb/v7-m/libc_nano.a(lib_a-lcltime_r.o)
                0x000000000800ded8                localtime_r
 .text.__swhatbuf_r
                0x000000000800e0ac       0x48 /home/stly/Documents/IoTFuzzing/CORTEX-M4-QEMU/gcc-arm/bin/../lib/gcc/arm-none-eabi/7.3.1/../../../../arm-none-eabi/lib/thumb/v7-m/libc_nano.a(lib_a-makebuf.o)
                0x000000000800e0ac                __swhatbuf_r
 .text.__smakebuf_r
                0x000000000800e0f4       0x80 /home/stly/Documents/IoTFuzzing/CORTEX-M4-QEMU/gcc-arm/bin/../lib/gcc/arm-none-eabi/7.3.1/../../../../arm-none-eabi/lib/thumb/v7-m/libc_nano.a(lib_a-makebuf.o)
                0x000000000800e0f4                __smakebuf_r
 .text.malloc   0x000000000800e174       0x10 /home/stly/Documents/IoTFuzzing/CORTEX-M4-QEMU/gcc-arm/bin/../lib/gcc/arm-none-eabi/7.3.1/../../../../arm-none-eabi/lib/thumb/v7-m/libc_nano.a(lib_a-malloc.o)
                0x000000000800e174                malloc
 .text.free     0x000000000800e184       0x10 /home/stly/Documents/IoTFuzzing/CORTEX-M4-QEMU/gcc-arm/bin/../lib/gcc/arm-none-eabi/7.3.1/../../../../arm-none-eabi/lib/thumb/v7-m/libc_nano.a(lib_a-malloc.o)
                0x000000000800e184                free
 .text.memchr   0x000000000800e194       0x1c /home/stly/Documents/IoTFuzzing/CORTEX-M4-QEMU/gcc-arm/bin/../lib/gcc/arm-none-eabi/7.3.1/../../../../arm-none-eabi/lib/thumb/v7-m/libc_nano.a(lib_a-memchr-stub.o)
                0x000000000800e194                memchr
 .text.memcmp   0x000000000800e1b0       0x1e /home/stly/Documents/IoTFuzzing/CORTEX-M4-QEMU/gcc-arm/bin/../lib/gcc/arm-none-eabi/7.3.1/../../../../arm-none-eabi/lib/thumb/v7-m/libc_nano.a(lib_a-memcmp.o)
                0x000000000800e1b0                memcmp
 .text.memcpy   0x000000000800e1ce       0x16 /home/stly/Documents/IoTFuzzing/CORTEX-M4-QEMU/gcc-arm/bin/../lib/gcc/arm-none-eabi/7.3.1/../../../../arm-none-eabi/lib/thumb/v7-m/libc_nano.a(lib_a-memcpy-stub.o)
                0x000000000800e1ce                memcpy
 .text.memmove  0x000000000800e1e4       0x32 /home/stly/Documents/IoTFuzzing/CORTEX-M4-QEMU/gcc-arm/bin/../lib/gcc/arm-none-eabi/7.3.1/../../../../arm-none-eabi/lib/thumb/v7-m/libc_nano.a(lib_a-memmove.o)
                0x000000000800e1e4                memmove
 .text.memset   0x000000000800e216       0x10 /home/stly/Documents/IoTFuzzing/CORTEX-M4-QEMU/gcc-arm/bin/../lib/gcc/arm-none-eabi/7.3.1/../../../../arm-none-eabi/lib/thumb/v7-m/libc_nano.a(lib_a-memset.o)
                0x000000000800e216                memset
 *fill*         0x000000000800e226        0x2 
 .text.validate_structure
                0x000000000800e228      0x1b4 /home/stly/Documents/IoTFuzzing/CORTEX-M4-QEMU/gcc-arm/bin/../lib/gcc/arm-none-eabi/7.3.1/../../../../arm-none-eabi/lib/thumb/v7-m/libc_nano.a(lib_a-mktime.o)
 .text.mktime   0x000000000800e3dc      0x374 /home/stly/Documents/IoTFuzzing/CORTEX-M4-QEMU/gcc-arm/bin/../lib/gcc/arm-none-eabi/7.3.1/../../../../arm-none-eabi/lib/thumb/v7-m/libc_nano.a(lib_a-mktime.o)
                0x000000000800e3dc                mktime
 .text._free_r  0x000000000800e750       0x98 /home/stly/Documents/IoTFuzzing/CORTEX-M4-QEMU/gcc-arm/bin/../lib/gcc/arm-none-eabi/7.3.1/../../../../arm-none-eabi/lib/thumb/v7-m/libc_nano.a(lib_a-nano-freer.o)
                0x000000000800e750                _free_r
 .text._malloc_r
                0x000000000800e7e8       0xb4 /home/stly/Documents/IoTFuzzing/CORTEX-M4-QEMU/gcc-arm/bin/../lib/gcc/arm-none-eabi/7.3.1/../../../../arm-none-eabi/lib/thumb/v7-m/libc_nano.a(lib_a-nano-mallocr.o)
                0x000000000800e7e8                _malloc_r
 .text.__sfputc_r
                0x000000000800e89c       0x2a /home/stly/Documents/IoTFuzzing/CORTEX-M4-QEMU/gcc-arm/bin/../lib/gcc/arm-none-eabi/7.3.1/../../../../arm-none-eabi/lib/thumb/v7-m/libc_nano.a(lib_a-nano-vfprintf.o)
 .text.__sfputs_r
                0x000000000800e8c6       0x24 /home/stly/Documents/IoTFuzzing/CORTEX-M4-QEMU/gcc-arm/bin/../lib/gcc/arm-none-eabi/7.3.1/../../../../arm-none-eabi/lib/thumb/v7-m/libc_nano.a(lib_a-nano-vfprintf.o)
                0x000000000800e8c6                __sfputs_r
 *fill*         0x000000000800e8ea        0x2 
 .text._vfprintf_r
                0x000000000800e8ec      0x22c /home/stly/Documents/IoTFuzzing/CORTEX-M4-QEMU/gcc-arm/bin/../lib/gcc/arm-none-eabi/7.3.1/../../../../arm-none-eabi/lib/thumb/v7-m/libc_nano.a(lib_a-nano-vfprintf.o)
                0x000000000800e8ec                _vfiprintf_r
                0x000000000800e8ec                _vfprintf_r
 .text.vfprintf
                0x000000000800eb18       0x14 /home/stly/Documents/IoTFuzzing/CORTEX-M4-QEMU/gcc-arm/bin/../lib/gcc/arm-none-eabi/7.3.1/../../../../arm-none-eabi/lib/thumb/v7-m/libc_nano.a(lib_a-nano-vfprintf.o)
                0x000000000800eb18                vfiprintf
                0x000000000800eb18                vfprintf
 .text.__cvt    0x000000000800eb2c       0xb8 /home/stly/Documents/IoTFuzzing/CORTEX-M4-QEMU/gcc-arm/bin/../lib/gcc/arm-none-eabi/7.3.1/../../../../arm-none-eabi/lib/thumb/v7-m/libc_nano.a(lib_a-nano-vfprintf_float.o)
                0x000000000800eb2c                __cvt
 .text.__exponent
                0x000000000800ebe4       0x6a /home/stly/Documents/IoTFuzzing/CORTEX-M4-QEMU/gcc-arm/bin/../lib/gcc/arm-none-eabi/7.3.1/../../../../arm-none-eabi/lib/thumb/v7-m/libc_nano.a(lib_a-nano-vfprintf_float.o)
                0x000000000800ebe4                __exponent
 *fill*         0x000000000800ec4e        0x2 
 .text._printf_float
                0x000000000800ec50      0x46c /home/stly/Documents/IoTFuzzing/CORTEX-M4-QEMU/gcc-arm/bin/../lib/gcc/arm-none-eabi/7.3.1/../../../../arm-none-eabi/lib/thumb/v7-m/libc_nano.a(lib_a-nano-vfprintf_float.o)
                0x000000000800ec50                _printf_float
 .text._printf_common
                0x000000000800f0bc       0xec /home/stly/Documents/IoTFuzzing/CORTEX-M4-QEMU/gcc-arm/bin/../lib/gcc/arm-none-eabi/7.3.1/../../../../arm-none-eabi/lib/thumb/v7-m/libc_nano.a(lib_a-nano-vfprintf_i.o)
                0x000000000800f0bc                _printf_common
 .text._printf_i
                0x000000000800f1a8      0x224 /home/stly/Documents/IoTFuzzing/CORTEX-M4-QEMU/gcc-arm/bin/../lib/gcc/arm-none-eabi/7.3.1/../../../../arm-none-eabi/lib/thumb/v7-m/libc_nano.a(lib_a-nano-vfprintf_i.o)
                0x000000000800f1a8                _printf_i
 .text._scanf_float
                0x000000000800f3cc      0x3c0 /home/stly/Documents/IoTFuzzing/CORTEX-M4-QEMU/gcc-arm/bin/../lib/gcc/arm-none-eabi/7.3.1/../../../../arm-none-eabi/lib/thumb/v7-m/libc_nano.a(lib_a-nano-vfscanf_float.o)
                0x000000000800f3cc                _scanf_float
 .text._scanf_chars
                0x000000000800f78c       0xc4 /home/stly/Documents/IoTFuzzing/CORTEX-M4-QEMU/gcc-arm/bin/../lib/gcc/arm-none-eabi/7.3.1/../../../../arm-none-eabi/lib/thumb/v7-m/libc_nano.a(lib_a-nano-vfscanf_i.o)
                0x000000000800f78c                _scanf_chars
 .text._scanf_i
                0x000000000800f850      0x1ec /home/stly/Documents/IoTFuzzing/CORTEX-M4-QEMU/gcc-arm/bin/../lib/gcc/arm-none-eabi/7.3.1/../../../../arm-none-eabi/lib/thumb/v7-m/libc_nano.a(lib_a-nano-vfscanf_i.o)
                0x000000000800f850                _scanf_i
 .text._open_r  0x000000000800fa3c       0x24 /home/stly/Documents/IoTFuzzing/CORTEX-M4-QEMU/gcc-arm/bin/../lib/gcc/arm-none-eabi/7.3.1/../../../../arm-none-eabi/lib/thumb/v7-m/libc_nano.a(lib_a-openr.o)
                0x000000000800fa3c                _open_r
 .text.printf   0x000000000800fa60       0x30 /home/stly/Documents/IoTFuzzing/CORTEX-M4-QEMU/gcc-arm/bin/../lib/gcc/arm-none-eabi/7.3.1/../../../../arm-none-eabi/lib/thumb/v7-m/libc_nano.a(lib_a-printf.o)
                0x000000000800fa60                printf
                0x000000000800fa60                iprintf
 .text._puts_r  0x000000000800fa90       0xb8 /home/stly/Documents/IoTFuzzing/CORTEX-M4-QEMU/gcc-arm/bin/../lib/gcc/arm-none-eabi/7.3.1/../../../../arm-none-eabi/lib/thumb/v7-m/libc_nano.a(lib_a-puts.o)
                0x000000000800fa90                _puts_r
 .text.puts     0x000000000800fb48       0x10 /home/stly/Documents/IoTFuzzing/CORTEX-M4-QEMU/gcc-arm/bin/../lib/gcc/arm-none-eabi/7.3.1/../../../../arm-none-eabi/lib/thumb/v7-m/libc_nano.a(lib_a-puts.o)
                0x000000000800fb48                puts
 .text.srand    0x000000000800fb58       0x48 /home/stly/Documents/IoTFuzzing/CORTEX-M4-QEMU/gcc-arm/bin/../lib/gcc/arm-none-eabi/7.3.1/../../../../arm-none-eabi/lib/thumb/v7-m/libc_nano.a(lib_a-rand.o)
                0x000000000800fb58                srand
 .text.rand     0x000000000800fba0       0x68 /home/stly/Documents/IoTFuzzing/CORTEX-M4-QEMU/gcc-arm/bin/../lib/gcc/arm-none-eabi/7.3.1/../../../../arm-none-eabi/lib/thumb/v7-m/libc_nano.a(lib_a-rand.o)
                0x000000000800fba0                rand
 .text.realloc  0x000000000800fc08       0x10 /home/stly/Documents/IoTFuzzing/CORTEX-M4-QEMU/gcc-arm/bin/../lib/gcc/arm-none-eabi/7.3.1/../../../../arm-none-eabi/lib/thumb/v7-m/libc_nano.a(lib_a-realloc.o)
                0x000000000800fc08                realloc
 .text.lflush   0x000000000800fc18       0x12 /home/stly/Documents/IoTFuzzing/CORTEX-M4-QEMU/gcc-arm/bin/../lib/gcc/arm-none-eabi/7.3.1/../../../../arm-none-eabi/lib/thumb/v7-m/libc_nano.a(lib_a-refill.o)
 *fill*         0x000000000800fc2a        0x2 
 .text.__srefill_r
                0x000000000800fc2c      0x118 /home/stly/Documents/IoTFuzzing/CORTEX-M4-QEMU/gcc-arm/bin/../lib/gcc/arm-none-eabi/7.3.1/../../../../arm-none-eabi/lib/thumb/v7-m/libc_nano.a(lib_a-refill.o)
                0x000000000800fc2c                __srefill_r
 .text.__srget_r
                0x000000000800fd44       0x58 /home/stly/Documents/IoTFuzzing/CORTEX-M4-QEMU/gcc-arm/bin/../lib/gcc/arm-none-eabi/7.3.1/../../../../arm-none-eabi/lib/thumb/v7-m/libc_nano.a(lib_a-rget.o)
                0x000000000800fd44                __srget_r
 .text._sbrk_r  0x000000000800fd9c       0x20 /home/stly/Documents/IoTFuzzing/CORTEX-M4-QEMU/gcc-arm/bin/../lib/gcc/arm-none-eabi/7.3.1/../../../../arm-none-eabi/lib/thumb/v7-m/libc_nano.a(lib_a-sbrkr.o)
                0x000000000800fd9c                _sbrk_r
 .text.__sccl   0x000000000800fdbc       0x62 /home/stly/Documents/IoTFuzzing/CORTEX-M4-QEMU/gcc-arm/bin/../lib/gcc/arm-none-eabi/7.3.1/../../../../arm-none-eabi/lib/thumb/v7-m/libc_nano.a(lib_a-sccl.o)
                0x000000000800fdbc                __sccl
 .text.setbuf   0x000000000800fe1e       0x10 /home/stly/Documents/IoTFuzzing/CORTEX-M4-QEMU/gcc-arm/bin/../lib/gcc/arm-none-eabi/7.3.1/../../../../arm-none-eabi/lib/thumb/v7-m/libc_nano.a(lib_a-setbuf.o)
                0x000000000800fe1e                setbuf
 *fill*         0x000000000800fe2e        0x2 
 .text.setvbuf  0x000000000800fe30      0x15c /home/stly/Documents/IoTFuzzing/CORTEX-M4-QEMU/gcc-arm/bin/../lib/gcc/arm-none-eabi/7.3.1/../../../../arm-none-eabi/lib/thumb/v7-m/libc_nano.a(lib_a-setvbuf.o)
                0x000000000800fe30                setvbuf
 .text.nanf     0x000000000800ff8c        0x8 /home/stly/Documents/IoTFuzzing/CORTEX-M4-QEMU/gcc-arm/bin/../lib/gcc/arm-none-eabi/7.3.1/../../../../arm-none-eabi/lib/thumb/v7-m/libc_nano.a(lib_a-sf_nan.o)
                0x000000000800ff8c                nanf
 .text.sprintf  0x000000000800ff94       0x40 /home/stly/Documents/IoTFuzzing/CORTEX-M4-QEMU/gcc-arm/bin/../lib/gcc/arm-none-eabi/7.3.1/../../../../arm-none-eabi/lib/thumb/v7-m/libc_nano.a(lib_a-sprintf.o)
                0x000000000800ff94                sprintf
                0x000000000800ff94                siprintf
 .text.sscanf   0x000000000800ffd4       0x54 /home/stly/Documents/IoTFuzzing/CORTEX-M4-QEMU/gcc-arm/bin/../lib/gcc/arm-none-eabi/7.3.1/../../../../arm-none-eabi/lib/thumb/v7-m/libc_nano.a(lib_a-sscanf.o)
                0x000000000800ffd4                sscanf
                0x000000000800ffd4                siscanf
 .text.__sread  0x0000000008010028       0x22 /home/stly/Documents/IoTFuzzing/CORTEX-M4-QEMU/gcc-arm/bin/../lib/gcc/arm-none-eabi/7.3.1/../../../../arm-none-eabi/lib/thumb/v7-m/libc_nano.a(lib_a-stdio.o)
                0x0000000008010028                __sread
 .text.__seofread
                0x000000000801004a        0x4 /home/stly/Documents/IoTFuzzing/CORTEX-M4-QEMU/gcc-arm/bin/../lib/gcc/arm-none-eabi/7.3.1/../../../../arm-none-eabi/lib/thumb/v7-m/libc_nano.a(lib_a-stdio.o)
                0x000000000801004a                __seofread
 .text.__swrite
                0x000000000801004e       0x38 /home/stly/Documents/IoTFuzzing/CORTEX-M4-QEMU/gcc-arm/bin/../lib/gcc/arm-none-eabi/7.3.1/../../../../arm-none-eabi/lib/thumb/v7-m/libc_nano.a(lib_a-stdio.o)
                0x000000000801004e                __swrite
 .text.__sseek  0x0000000008010086       0x24 /home/stly/Documents/IoTFuzzing/CORTEX-M4-QEMU/gcc-arm/bin/../lib/gcc/arm-none-eabi/7.3.1/../../../../arm-none-eabi/lib/thumb/v7-m/libc_nano.a(lib_a-stdio.o)
                0x0000000008010086                __sseek
 .text.__sclose
                0x00000000080100aa        0x8 /home/stly/Documents/IoTFuzzing/CORTEX-M4-QEMU/gcc-arm/bin/../lib/gcc/arm-none-eabi/7.3.1/../../../../arm-none-eabi/lib/thumb/v7-m/libc_nano.a(lib_a-stdio.o)
                0x00000000080100aa                __sclose
 .text          0x00000000080100b2       0x14 /home/stly/Documents/IoTFuzzing/CORTEX-M4-QEMU/gcc-arm/bin/../lib/gcc/arm-none-eabi/7.3.1/../../../../arm-none-eabi/lib/thumb/v7-m/libc_nano.a(lib_a-strcmp.o)
                0x00000000080100b2                strcmp
 .text          0x00000000080100c6       0x10 /home/stly/Documents/IoTFuzzing/CORTEX-M4-QEMU/gcc-arm/bin/../lib/gcc/arm-none-eabi/7.3.1/../../../../arm-none-eabi/lib/thumb/v7-m/libc_nano.a(lib_a-strlen.o)
                0x00000000080100c6                strlen
 .text.strncmp  0x00000000080100d6       0x24 /home/stly/Documents/IoTFuzzing/CORTEX-M4-QEMU/gcc-arm/bin/../lib/gcc/arm-none-eabi/7.3.1/../../../../arm-none-eabi/lib/thumb/v7-m/libc_nano.a(lib_a-strncmp.o)
                0x00000000080100d6                strncmp
 .text.unlikely.sulp
                0x00000000080100fa       0x42 /home/stly/Documents/IoTFuzzing/CORTEX-M4-QEMU/gcc-arm/bin/../lib/gcc/arm-none-eabi/7.3.1/../../../../arm-none-eabi/lib/thumb/v7-m/libc_nano.a(lib_a-strtod.o)
 *fill*         0x000000000801013c        0x4 
 .text._strtod_l
                0x0000000008010140      0xc00 /home/stly/Documents/IoTFuzzing/CORTEX-M4-QEMU/gcc-arm/bin/../lib/gcc/arm-none-eabi/7.3.1/../../../../arm-none-eabi/lib/thumb/v7-m/libc_nano.a(lib_a-strtod.o)
                0x0000000008010140                _strtod_l
 .text._strtod_r
                0x0000000008010d40       0x20 /home/stly/Documents/IoTFuzzing/CORTEX-M4-QEMU/gcc-arm/bin/../lib/gcc/arm-none-eabi/7.3.1/../../../../arm-none-eabi/lib/thumb/v7-m/libc_nano.a(lib_a-strtod.o)
                0x0000000008010d40                _strtod_r
 .text._strtol_l.isra.0
                0x0000000008010d60       0xf6 /home/stly/Documents/IoTFuzzing/CORTEX-M4-QEMU/gcc-arm/bin/../lib/gcc/arm-none-eabi/7.3.1/../../../../arm-none-eabi/lib/thumb/v7-m/libc_nano.a(lib_a-strtol.o)
 *fill*         0x0000000008010e56        0x2 
 .text._strtol_r
                0x0000000008010e58       0x24 /home/stly/Documents/IoTFuzzing/CORTEX-M4-QEMU/gcc-arm/bin/../lib/gcc/arm-none-eabi/7.3.1/../../../../arm-none-eabi/lib/thumb/v7-m/libc_nano.a(lib_a-strtol.o)
                0x0000000008010e58                _strtol_r
 .text._strtoul_l.isra.0
                0x0000000008010e7c       0xf4 /home/stly/Documents/IoTFuzzing/CORTEX-M4-QEMU/gcc-arm/bin/../lib/gcc/arm-none-eabi/7.3.1/../../../../arm-none-eabi/lib/thumb/v7-m/libc_nano.a(lib_a-strtoul.o)
 .text._strtoul_r
                0x0000000008010f70       0x24 /home/stly/Documents/IoTFuzzing/CORTEX-M4-QEMU/gcc-arm/bin/../lib/gcc/arm-none-eabi/7.3.1/../../../../arm-none-eabi/lib/thumb/v7-m/libc_nano.a(lib_a-strtoul.o)
                0x0000000008010f70                _strtoul_r
 .text.strtoul  0x0000000008010f94       0x2c /home/stly/Documents/IoTFuzzing/CORTEX-M4-QEMU/gcc-arm/bin/../lib/gcc/arm-none-eabi/7.3.1/../../../../arm-none-eabi/lib/thumb/v7-m/libc_nano.a(lib_a-strtoul.o)
                0x0000000008010f94                strtoul
 .text.__tzcalc_limits
                0x0000000008010fc0      0x150 /home/stly/Documents/IoTFuzzing/CORTEX-M4-QEMU/gcc-arm/bin/../lib/gcc/arm-none-eabi/7.3.1/../../../../arm-none-eabi/lib/thumb/v7-m/libc_nano.a(lib_a-tzcalc_limits.o)
                0x0000000008010fc0                __tzcalc_limits
 .text.__tz_lock
                0x0000000008011110        0x2 /home/stly/Documents/IoTFuzzing/CORTEX-M4-QEMU/gcc-arm/bin/../lib/gcc/arm-none-eabi/7.3.1/../../../../arm-none-eabi/lib/thumb/v7-m/libc_nano.a(lib_a-tzlock.o)
                0x0000000008011110                __tz_lock
 .text.__tz_unlock
                0x0000000008011112        0x2 /home/stly/Documents/IoTFuzzing/CORTEX-M4-QEMU/gcc-arm/bin/../lib/gcc/arm-none-eabi/7.3.1/../../../../arm-none-eabi/lib/thumb/v7-m/libc_nano.a(lib_a-tzlock.o)
                0x0000000008011112                __tz_unlock
 .text._tzset_unlocked
                0x0000000008011114        0xc /home/stly/Documents/IoTFuzzing/CORTEX-M4-QEMU/gcc-arm/bin/../lib/gcc/arm-none-eabi/7.3.1/../../../../arm-none-eabi/lib/thumb/v7-m/libc_nano.a(lib_a-tzset.o)
                0x0000000008011114                _tzset_unlocked
 .text._tzset_unlocked_r
                0x0000000008011120      0x2fc /home/stly/Documents/IoTFuzzing/CORTEX-M4-QEMU/gcc-arm/bin/../lib/gcc/arm-none-eabi/7.3.1/../../../../arm-none-eabi/lib/thumb/v7-m/libc_nano.a(lib_a-tzset_r.o)
                0x0000000008011120                _tzset_unlocked_r
 .text.__submore
                0x000000000801141c       0x70 /home/stly/Documents/IoTFuzzing/CORTEX-M4-QEMU/gcc-arm/bin/../lib/gcc/arm-none-eabi/7.3.1/../../../../arm-none-eabi/lib/thumb/v7-m/libc_nano.a(lib_a-ungetc.o)
                0x000000000801141c                __submore
 .text.__swbuf_r
                0x000000000801148c       0xa4 /home/stly/Documents/IoTFuzzing/CORTEX-M4-QEMU/gcc-arm/bin/../lib/gcc/arm-none-eabi/7.3.1/../../../../arm-none-eabi/lib/thumb/v7-m/libc_nano.a(lib_a-wbuf.o)
                0x000000000801148c                __swbuf_r
 .text._write_r
                0x0000000008011530       0x24 /home/stly/Documents/IoTFuzzing/CORTEX-M4-QEMU/gcc-arm/bin/../lib/gcc/arm-none-eabi/7.3.1/../../../../arm-none-eabi/lib/thumb/v7-m/libc_nano.a(lib_a-writer.o)
                0x0000000008011530                _write_r
 .text.__swsetup_r
                0x0000000008011554       0xdc /home/stly/Documents/IoTFuzzing/CORTEX-M4-QEMU/gcc-arm/bin/../lib/gcc/arm-none-eabi/7.3.1/../../../../arm-none-eabi/lib/thumb/v7-m/libc_nano.a(lib_a-wsetup.o)
                0x0000000008011554                __swsetup_r
 .text._close_r
                0x0000000008011630       0x20 /home/stly/Documents/IoTFuzzing/CORTEX-M4-QEMU/gcc-arm/bin/../lib/gcc/arm-none-eabi/7.3.1/../../../../arm-none-eabi/lib/thumb/v7-m/libc_nano.a(lib_a-closer.o)
                0x0000000008011630                _close_r
 .text.div      0x0000000008011650       0x28 /home/stly/Documents/IoTFuzzing/CORTEX-M4-QEMU/gcc-arm/bin/../lib/gcc/arm-none-eabi/7.3.1/../../../../arm-none-eabi/lib/thumb/v7-m/libc_nano.a(lib_a-div.o)
                0x0000000008011650                div
 .text.quorem   0x0000000008011678      0x11c /home/stly/Documents/IoTFuzzing/CORTEX-M4-QEMU/gcc-arm/bin/../lib/gcc/arm-none-eabi/7.3.1/../../../../arm-none-eabi/lib/thumb/v7-m/libc_nano.a(lib_a-dtoa.o)
 *fill*         0x0000000008011794        0x4 
 .text._dtoa_r  0x0000000008011798      0xb68 /home/stly/Documents/IoTFuzzing/CORTEX-M4-QEMU/gcc-arm/bin/../lib/gcc/arm-none-eabi/7.3.1/../../../../arm-none-eabi/lib/thumb/v7-m/libc_nano.a(lib_a-dtoa.o)
                0x0000000008011798                _dtoa_r
 .text.__sflags
                0x0000000008012300       0x6a /home/stly/Documents/IoTFuzzing/CORTEX-M4-QEMU/gcc-arm/bin/../lib/gcc/arm-none-eabi/7.3.1/../../../../arm-none-eabi/lib/thumb/v7-m/libc_nano.a(lib_a-flags.o)
                0x0000000008012300                __sflags
 *fill*         0x000000000801236a        0x2 
 .text._fstat_r
                0x000000000801236c       0x24 /home/stly/Documents/IoTFuzzing/CORTEX-M4-QEMU/gcc-arm/bin/../lib/gcc/arm-none-eabi/7.3.1/../../../../arm-none-eabi/lib/thumb/v7-m/libc_nano.a(lib_a-fstatr.o)
                0x000000000801236c                _fstat_r
 .text.rshift   0x0000000008012390       0x76 /home/stly/Documents/IoTFuzzing/CORTEX-M4-QEMU/gcc-arm/bin/../lib/gcc/arm-none-eabi/7.3.1/../../../../arm-none-eabi/lib/thumb/v7-m/libc_nano.a(lib_a-gdtoa-gethex.o)
 .text.__hexdig_fun
                0x0000000008012406       0x2a /home/stly/Documents/IoTFuzzing/CORTEX-M4-QEMU/gcc-arm/bin/../lib/gcc/arm-none-eabi/7.3.1/../../../../arm-none-eabi/lib/thumb/v7-m/libc_nano.a(lib_a-gdtoa-gethex.o)
                0x0000000008012406                __hexdig_fun
 .text.__gethex
                0x0000000008012430      0x444 /home/stly/Documents/IoTFuzzing/CORTEX-M4-QEMU/gcc-arm/bin/../lib/gcc/arm-none-eabi/7.3.1/../../../../arm-none-eabi/lib/thumb/v7-m/libc_nano.a(lib_a-gdtoa-gethex.o)
                0x0000000008012430                __gethex
 .text.L_shift  0x0000000008012874       0x24 /home/stly/Documents/IoTFuzzing/CORTEX-M4-QEMU/gcc-arm/bin/../lib/gcc/arm-none-eabi/7.3.1/../../../../arm-none-eabi/lib/thumb/v7-m/libc_nano.a(lib_a-gdtoa-hexnan.o)
 .text.__match  0x0000000008012898       0x28 /home/stly/Documents/IoTFuzzing/CORTEX-M4-QEMU/gcc-arm/bin/../lib/gcc/arm-none-eabi/7.3.1/../../../../arm-none-eabi/lib/thumb/v7-m/libc_nano.a(lib_a-gdtoa-hexnan.o)
                0x0000000008012898                __match
 .text.__hexnan
                0x00000000080128c0      0x120 /home/stly/Documents/IoTFuzzing/CORTEX-M4-QEMU/gcc-arm/bin/../lib/gcc/arm-none-eabi/7.3.1/../../../../arm-none-eabi/lib/thumb/v7-m/libc_nano.a(lib_a-gdtoa-hexnan.o)
                0x00000000080128c0                __hexnan
 .text._findenv_r
                0x00000000080129e0       0x78 /home/stly/Documents/IoTFuzzing/CORTEX-M4-QEMU/gcc-arm/bin/../lib/gcc/arm-none-eabi/7.3.1/../../../../arm-none-eabi/lib/thumb/v7-m/libc_nano.a(lib_a-getenv_r.o)
                0x00000000080129e0                _findenv_r
 .text._getenv_r
                0x0000000008012a58        0xe /home/stly/Documents/IoTFuzzing/CORTEX-M4-QEMU/gcc-arm/bin/../lib/gcc/arm-none-eabi/7.3.1/../../../../arm-none-eabi/lib/thumb/v7-m/libc_nano.a(lib_a-getenv_r.o)
                0x0000000008012a58                _getenv_r
 *fill*         0x0000000008012a66        0x2 
 .text.__gettzinfo
                0x0000000008012a68        0x8 /home/stly/Documents/IoTFuzzing/CORTEX-M4-QEMU/gcc-arm/bin/../lib/gcc/arm-none-eabi/7.3.1/../../../../arm-none-eabi/lib/thumb/v7-m/libc_nano.a(lib_a-gettzinfo.o)
                0x0000000008012a68                __gettzinfo
 .text.gmtime_r
                0x0000000008012a70      0x158 /home/stly/Documents/IoTFuzzing/CORTEX-M4-QEMU/gcc-arm/bin/../lib/gcc/arm-none-eabi/7.3.1/../../../../arm-none-eabi/lib/thumb/v7-m/libc_nano.a(lib_a-gmtime_r.o)
                0x0000000008012a70                gmtime_r
 .text._isatty_r
                0x0000000008012bc8       0x20 /home/stly/Documents/IoTFuzzing/CORTEX-M4-QEMU/gcc-arm/bin/../lib/gcc/arm-none-eabi/7.3.1/../../../../arm-none-eabi/lib/thumb/v7-m/libc_nano.a(lib_a-isattyr.o)
                0x0000000008012bc8                _isatty_r
 .text.__locale_ctype_ptr_l
                0x0000000008012be8        0x6 /home/stly/Documents/IoTFuzzing/CORTEX-M4-QEMU/gcc-arm/bin/../lib/gcc/arm-none-eabi/7.3.1/../../../../arm-none-eabi/lib/thumb/v7-m/libc_nano.a(lib_a-locale.o)
                0x0000000008012be8                __locale_ctype_ptr_l
 *fill*         0x0000000008012bee        0x2 
 .text.__locale_ctype_ptr
                0x0000000008012bf0       0x1c /home/stly/Documents/IoTFuzzing/CORTEX-M4-QEMU/gcc-arm/bin/../lib/gcc/arm-none-eabi/7.3.1/../../../../arm-none-eabi/lib/thumb/v7-m/libc_nano.a(lib_a-locale.o)
                0x0000000008012bf0                __locale_ctype_ptr
 .text.__localeconv_l
                0x0000000008012c0c        0x4 /home/stly/Documents/IoTFuzzing/CORTEX-M4-QEMU/gcc-arm/bin/../lib/gcc/arm-none-eabi/7.3.1/../../../../arm-none-eabi/lib/thumb/v7-m/libc_nano.a(lib_a-localeconv.o)
                0x0000000008012c0c                __localeconv_l
 .text._localeconv_r
                0x0000000008012c10       0x1c /home/stly/Documents/IoTFuzzing/CORTEX-M4-QEMU/gcc-arm/bin/../lib/gcc/arm-none-eabi/7.3.1/../../../../arm-none-eabi/lib/thumb/v7-m/libc_nano.a(lib_a-localeconv.o)
                0x0000000008012c10                _localeconv_r
 .text._lseek_r
                0x0000000008012c2c       0x24 /home/stly/Documents/IoTFuzzing/CORTEX-M4-QEMU/gcc-arm/bin/../lib/gcc/arm-none-eabi/7.3.1/../../../../arm-none-eabi/lib/thumb/v7-m/libc_nano.a(lib_a-lseekr.o)
                0x0000000008012c2c                _lseek_r
 .text.__ascii_mbtowc
                0x0000000008012c50       0x24 /home/stly/Documents/IoTFuzzing/CORTEX-M4-QEMU/gcc-arm/bin/../lib/gcc/arm-none-eabi/7.3.1/../../../../arm-none-eabi/lib/thumb/v7-m/libc_nano.a(lib_a-mbtowc_r.o)
                0x0000000008012c50                __ascii_mbtowc
 .text.__malloc_lock
                0x0000000008012c74        0x2 /home/stly/Documents/IoTFuzzing/CORTEX-M4-QEMU/gcc-arm/bin/../lib/gcc/arm-none-eabi/7.3.1/../../../../arm-none-eabi/lib/thumb/v7-m/libc_nano.a(lib_a-mlock.o)
                0x0000000008012c74                __malloc_lock
 .text.__malloc_unlock
                0x0000000008012c76        0x2 /home/stly/Documents/IoTFuzzing/CORTEX-M4-QEMU/gcc-arm/bin/../lib/gcc/arm-none-eabi/7.3.1/../../../../arm-none-eabi/lib/thumb/v7-m/libc_nano.a(lib_a-mlock.o)
                0x0000000008012c76                __malloc_unlock
 .text._Balloc  0x0000000008012c78       0x68 /home/stly/Documents/IoTFuzzing/CORTEX-M4-QEMU/gcc-arm/bin/../lib/gcc/arm-none-eabi/7.3.1/../../../../arm-none-eabi/lib/thumb/v7-m/libc_nano.a(lib_a-mprec.o)
                0x0000000008012c78                _Balloc
 .text._Bfree   0x0000000008012ce0       0x2e /home/stly/Documents/IoTFuzzing/CORTEX-M4-QEMU/gcc-arm/bin/../lib/gcc/arm-none-eabi/7.3.1/../../../../arm-none-eabi/lib/thumb/v7-m/libc_nano.a(lib_a-mprec.o)
                0x0000000008012ce0                _Bfree
 .text.__multadd
                0x0000000008012d0e       0x76 /home/stly/Documents/IoTFuzzing/CORTEX-M4-QEMU/gcc-arm/bin/../lib/gcc/arm-none-eabi/7.3.1/../../../../arm-none-eabi/lib/thumb/v7-m/libc_nano.a(lib_a-mprec.o)
                0x0000000008012d0e                __multadd
 .text.__s2b    0x0000000008012d84       0x7c /home/stly/Documents/IoTFuzzing/CORTEX-M4-QEMU/gcc-arm/bin/../lib/gcc/arm-none-eabi/7.3.1/../../../../arm-none-eabi/lib/thumb/v7-m/libc_nano.a(lib_a-mprec.o)
                0x0000000008012d84                __s2b
 .text.__hi0bits
                0x0000000008012e00       0x3e /home/stly/Documents/IoTFuzzing/CORTEX-M4-QEMU/gcc-arm/bin/../lib/gcc/arm-none-eabi/7.3.1/../../../../arm-none-eabi/lib/thumb/v7-m/libc_nano.a(lib_a-mprec.o)